C:\Users\Mathieu\AppData\Local\Programs\Python\Python311\Lib\site-packages\torch\nn\modules\transformer.py:392: UserWarning: enable_nested_tensor is True, but self.use_nested_tensor is False because encoder_layer.norm_first was True
  warnings.warn(
[     500/100000] ece_heldout=0.018 acc=0.13 (7.5 ms/it)
[    1000/100000] ece_heldout=0.103 acc=0.35 (8.0 ms/it)
[    1500/100000] ece_heldout=0.107 acc=0.54 (8.2 ms/it)
[    2000/100000] ece_heldout=0.148 acc=0.61 (8.1 ms/it)
[    2500/100000] ece_heldout=0.171 acc=0.63 (8.2 ms/it)
[    3000/100000] ece_heldout=0.179 acc=0.63 (8.2 ms/it)
[    3500/100000] ece_heldout=0.199 acc=0.65 (8.3 ms/it)
[    4000/100000] ece_heldout=0.213 acc=0.68 (8.1 ms/it)
[    4500/100000] ece_heldout=0.233 acc=0.65 (8.2 ms/it)
[    5000/100000] ece_heldout=0.248 acc=0.66 (8.4 ms/it)
[    5500/100000] ece_heldout=0.264 acc=0.65 (8.5 ms/it)
[    6000/100000] ece_heldout=0.264 acc=0.65 (8.9 ms/it)
[    6500/100000] ece_heldout=0.268 acc=0.66 (9.3 ms/it)
[    7000/100000] ece_heldout=0.279 acc=0.67 (9.5 ms/it)
[    7500/100000] ece_heldout=0.290 acc=0.67 (9.1 ms/it)
[    8000/100000] ece_heldout=0.292 acc=0.65 (9.7 ms/it)
[    8500/100000] ece_heldout=0.304 acc=0.65 (8.4 ms/it)
[    9000/100000] ece_heldout=0.301 acc=0.64 (8.7 ms/it)
[    9500/100000] ece_heldout=0.297 acc=0.66 (8.6 ms/it)
[   10000/100000] ece_heldout=0.305 acc=0.67 (8.6 ms/it)
[   10500/100000] ece_heldout=0.317 acc=0.68 (9.6 ms/it)
[   11000/100000] ece_heldout=0.309 acc=0.66 (9.5 ms/it)
[   11500/100000] ece_heldout=0.324 acc=0.64 (8.6 ms/it)
[   12000/100000] ece_heldout=0.311 acc=0.64 (8.9 ms/it)
[   12500/100000] ece_heldout=0.311 acc=0.67 (9.8 ms/it)
[   13000/100000] ece_heldout=0.316 acc=0.68 (9.4 ms/it)
[   13500/100000] ece_heldout=0.318 acc=0.66 (9.5 ms/it)
[   14000/100000] ece_heldout=0.329 acc=0.65 (9.7 ms/it)
[   14500/100000] ece_heldout=0.322 acc=0.66 (10.2 ms/it)
[   15000/100000] ece_heldout=0.322 acc=0.69 (10.9 ms/it)
[   15500/100000] ece_heldout=0.316 acc=0.64 (9.5 ms/it)
[   16000/100000] ece_heldout=0.327 acc=0.67 (9.0 ms/it)
[   16500/100000] ece_heldout=0.337 acc=0.66 (9.5 ms/it)
[   17000/100000] ece_heldout=0.334 acc=0.64 (9.7 ms/it)
[   17500/100000] ece_heldout=0.341 acc=0.66 (10.0 ms/it)
[   18000/100000] ece_heldout=0.329 acc=0.66 (10.9 ms/it)
[   18500/100000] ece_heldout=0.329 acc=0.68 (10.8 ms/it)
[   19000/100000] ece_heldout=0.332 acc=0.68 (9.9 ms/it)
[   19500/100000] ece_heldout=0.334 acc=0.66 (12.1 ms/it)
[   20000/100000] ece_heldout=0.342 acc=0.65 (12.0 ms/it)
[   20500/100000] ece_heldout=0.335 acc=0.67 (12.1 ms/it)
[   21000/100000] ece_heldout=0.333 acc=0.66 (11.7 ms/it)
[   21500/100000] ece_heldout=0.326 acc=0.66 (11.5 ms/it)
[   22000/100000] ece_heldout=0.333 acc=0.67 (10.1 ms/it)
[   22500/100000] ece_heldout=0.342 acc=0.66 (9.0 ms/it)
[   23000/100000] ece_heldout=0.330 acc=0.67 (10.9 ms/it)
[   23500/100000] ece_heldout=0.340 acc=0.66 (10.6 ms/it)
[   24000/100000] ece_heldout=0.327 acc=0.64 (9.2 ms/it)
[   24500/100000] ece_heldout=0.332 acc=0.70 (10.6 ms/it)
[   25000/100000] ece_heldout=0.340 acc=0.69 (9.1 ms/it)
[   25500/100000] ece_heldout=0.333 acc=0.66 (11.9 ms/it)
[   26000/100000] ece_heldout=0.342 acc=0.67 (11.0 ms/it)
[   26500/100000] ece_heldout=0.335 acc=0.67 (11.5 ms/it)
[   27000/100000] ece_heldout=0.336 acc=0.69 (11.5 ms/it)
[   27500/100000] ece_heldout=0.332 acc=0.66 (11.8 ms/it)
[   28000/100000] ece_heldout=0.332 acc=0.68 (11.1 ms/it)
[   28500/100000] ece_heldout=0.343 acc=0.65 (12.7 ms/it)
[   29000/100000] ece_heldout=0.337 acc=0.69 (10.3 ms/it)
[   29500/100000] ece_heldout=0.341 acc=0.68 (9.1 ms/it)
[   30000/100000] ece_heldout=0.340 acc=0.68 (10.3 ms/it)
[   30500/100000] ece_heldout=0.336 acc=0.70 (11.7 ms/it)
[   31000/100000] ece_heldout=0.341 acc=0.67 (10.7 ms/it)
[   31500/100000] ece_heldout=0.335 acc=0.65 (9.5 ms/it)
[   32000/100000] ece_heldout=0.346 acc=0.67 (9.5 ms/it)
[   32500/100000] ece_heldout=0.349 acc=0.68 (10.3 ms/it)
[   33000/100000] ece_heldout=0.339 acc=0.69 (9.8 ms/it)
[   33500/100000] ece_heldout=0.339 acc=0.68 (12.8 ms/it)
[   34000/100000] ece_heldout=0.340 acc=0.69 (11.9 ms/it)
[   34500/100000] ece_heldout=0.355 acc=0.67 (9.9 ms/it)
[   35000/100000] ece_heldout=0.338 acc=0.69 (9.2 ms/it)
[   35500/100000] ece_heldout=0.346 acc=0.70 (9.7 ms/it)
[   36000/100000] ece_heldout=0.349 acc=0.67 (11.6 ms/it)
[   36500/100000] ece_heldout=0.337 acc=0.71 (12.3 ms/it)
[   37000/100000] ece_heldout=0.346 acc=0.72 (12.1 ms/it)
[   37500/100000] ece_heldout=0.342 acc=0.69 (11.0 ms/it)
[   38000/100000] ece_heldout=0.351 acc=0.70 (11.4 ms/it)
[   38500/100000] ece_heldout=0.350 acc=0.69 (11.5 ms/it)
[   39000/100000] ece_heldout=0.343 acc=0.68 (10.8 ms/it)
[   39500/100000] ece_heldout=0.341 acc=0.69 (11.3 ms/it)
[   40000/100000] ece_heldout=0.344 acc=0.71 (10.1 ms/it)
[   40500/100000] ece_heldout=0.354 acc=0.68 (12.7 ms/it)
[   41000/100000] ece_heldout=0.342 acc=0.67 (17.0 ms/it)
[   41500/100000] ece_heldout=0.351 acc=0.69 (9.7 ms/it)
[   42000/100000] ece_heldout=0.348 acc=0.68 (11.1 ms/it)
[   42500/100000] ece_heldout=0.338 acc=0.72 (10.8 ms/it)
[   43000/100000] ece_heldout=0.346 acc=0.70 (9.5 ms/it)
[   43500/100000] ece_heldout=0.343 acc=0.68 (11.2 ms/it)
[   44000/100000] ece_heldout=0.352 acc=0.68 (9.4 ms/it)
[   44500/100000] ece_heldout=0.351 acc=0.68 (10.1 ms/it)
[   45000/100000] ece_heldout=0.340 acc=0.68 (9.1 ms/it)
[   45500/100000] ece_heldout=0.345 acc=0.70 (9.4 ms/it)
[   46000/100000] ece_heldout=0.345 acc=0.70 (9.2 ms/it)
[   46500/100000] ece_heldout=0.357 acc=0.69 (10.1 ms/it)
[   47000/100000] ece_heldout=0.348 acc=0.70 (10.1 ms/it)
[   47500/100000] ece_heldout=0.352 acc=0.72 (10.0 ms/it)
[   48000/100000] ece_heldout=0.352 acc=0.70 (9.4 ms/it)
[   48500/100000] ece_heldout=0.340 acc=0.72 (11.1 ms/it)
[   49000/100000] ece_heldout=0.346 acc=0.70 (8.9 ms/it)
[   49500/100000] ece_heldout=0.352 acc=0.70 (8.7 ms/it)
budget temps atteint (600.0s) a 49885 interactions
{
  "ece": 0.06760321607607617,
  "accuracy": 0.6636664327954295,
  "conf_moy": 0.7218570379828991,
  "aurc": 0.22398260870085884,
  "coverage_0p5": 0.8061140623433898,
  "n": 49885,
  "ms_per_iter": 10.102261504752251,
  "n_new": 49885,
  "cycle": 0,
  "source": "synthetique"
}
