C:\Users\Mathieu\AppData\Local\Programs\Python\Python311\Lib\site-packages\torch\nn\modules\transformer.py:392: UserWarning: enable_nested_tensor is True, but self.use_nested_tensor is False because encoder_layer.norm_first was True
  warnings.warn(
[     500/100000] ece_heldout=0.027 acc=0.18 (10.0 ms/it)
[    1000/100000] ece_heldout=0.102 acc=0.37 (8.3 ms/it)
[    1500/100000] ece_heldout=0.132 acc=0.46 (8.2 ms/it)
[    2000/100000] ece_heldout=0.152 acc=0.53 (8.3 ms/it)
[    2500/100000] ece_heldout=0.164 acc=0.56 (8.4 ms/it)
[    3000/100000] ece_heldout=0.161 acc=0.62 (8.4 ms/it)
[    3500/100000] ece_heldout=0.191 acc=0.59 (8.2 ms/it)
[    4000/100000] ece_heldout=0.180 acc=0.65 (8.2 ms/it)
[    4500/100000] ece_heldout=0.198 acc=0.61 (8.4 ms/it)
[    5000/100000] ece_heldout=0.213 acc=0.64 (8.2 ms/it)
[    5500/100000] ece_heldout=0.211 acc=0.64 (8.2 ms/it)
[    6000/100000] ece_heldout=0.222 acc=0.64 (8.5 ms/it)
[    6500/100000] ece_heldout=0.223 acc=0.63 (8.7 ms/it)
[    7000/100000] ece_heldout=0.228 acc=0.63 (8.4 ms/it)
[    7500/100000] ece_heldout=0.234 acc=0.64 (8.5 ms/it)
[    8000/100000] ece_heldout=0.234 acc=0.64 (8.5 ms/it)
[    8500/100000] ece_heldout=0.255 acc=0.65 (8.6 ms/it)
[    9000/100000] ece_heldout=0.240 acc=0.66 (8.7 ms/it)
[    9500/100000] ece_heldout=0.237 acc=0.62 (8.3 ms/it)
[   10000/100000] ece_heldout=0.248 acc=0.65 (8.3 ms/it)
[   10500/100000] ece_heldout=0.249 acc=0.60 (8.3 ms/it)
[   11000/100000] ece_heldout=0.264 acc=0.66 (8.3 ms/it)
[   11500/100000] ece_heldout=0.253 acc=0.64 (8.3 ms/it)
[   12000/100000] ece_heldout=0.253 acc=0.62 (8.4 ms/it)
[   12500/100000] ece_heldout=0.258 acc=0.66 (8.2 ms/it)
[   13000/100000] ece_heldout=0.263 acc=0.63 (8.3 ms/it)
[   13500/100000] ece_heldout=0.262 acc=0.65 (8.6 ms/it)
[   14000/100000] ece_heldout=0.266 acc=0.64 (8.7 ms/it)
[   14500/100000] ece_heldout=0.275 acc=0.63 (8.2 ms/it)
[   15000/100000] ece_heldout=0.263 acc=0.67 (8.2 ms/it)
[   15500/100000] ece_heldout=0.260 acc=0.61 (8.3 ms/it)
[   16000/100000] ece_heldout=0.271 acc=0.65 (8.4 ms/it)
[   16500/100000] ece_heldout=0.268 acc=0.62 (8.5 ms/it)
[   17000/100000] ece_heldout=0.280 acc=0.67 (9.7 ms/it)
[   17500/100000] ece_heldout=0.277 acc=0.64 (9.3 ms/it)
[   18000/100000] ece_heldout=0.274 acc=0.61 (8.5 ms/it)
[   18500/100000] ece_heldout=0.275 acc=0.65 (8.3 ms/it)
[   19000/100000] ece_heldout=0.278 acc=0.64 (8.2 ms/it)
[   19500/100000] ece_heldout=0.277 acc=0.65 (8.3 ms/it)
[   20000/100000] ece_heldout=0.276 acc=0.63 (8.3 ms/it)
[   20500/100000] ece_heldout=0.279 acc=0.64 (8.2 ms/it)
[   21000/100000] ece_heldout=0.277 acc=0.65 (8.3 ms/it)
[   21500/100000] ece_heldout=0.280 acc=0.61 (8.3 ms/it)
[   22000/100000] ece_heldout=0.287 acc=0.66 (8.3 ms/it)
[   22500/100000] ece_heldout=0.285 acc=0.63 (8.3 ms/it)
[   23000/100000] ece_heldout=0.285 acc=0.65 (8.3 ms/it)
[   23500/100000] ece_heldout=0.290 acc=0.65 (8.3 ms/it)
[   24000/100000] ece_heldout=0.285 acc=0.62 (8.6 ms/it)
[   24500/100000] ece_heldout=0.285 acc=0.65 (8.4 ms/it)
[   25000/100000] ece_heldout=0.283 acc=0.65 (8.4 ms/it)
[   25500/100000] ece_heldout=0.285 acc=0.65 (8.1 ms/it)
[   26000/100000] ece_heldout=0.287 acc=0.64 (8.5 ms/it)
[   26500/100000] ece_heldout=0.293 acc=0.63 (8.2 ms/it)
[   27000/100000] ece_heldout=0.295 acc=0.66 (8.1 ms/it)
[   27500/100000] ece_heldout=0.289 acc=0.63 (8.2 ms/it)
[   28000/100000] ece_heldout=0.291 acc=0.66 (8.2 ms/it)
[   28500/100000] ece_heldout=0.293 acc=0.66 (8.3 ms/it)
[   29000/100000] ece_heldout=0.294 acc=0.65 (8.2 ms/it)
[   29500/100000] ece_heldout=0.303 acc=0.65 (8.2 ms/it)
[   30000/100000] ece_heldout=0.290 acc=0.62 (8.3 ms/it)
[   30500/100000] ece_heldout=0.299 acc=0.66 (8.1 ms/it)
[   31000/100000] ece_heldout=0.291 acc=0.63 (8.2 ms/it)
[   31500/100000] ece_heldout=0.303 acc=0.65 (8.2 ms/it)
[   32000/100000] ece_heldout=0.297 acc=0.65 (8.2 ms/it)
[   32500/100000] ece_heldout=0.296 acc=0.64 (8.2 ms/it)
[   33000/100000] ece_heldout=0.308 acc=0.65 (8.2 ms/it)
[   33500/100000] ece_heldout=0.297 acc=0.64 (8.2 ms/it)
[   34000/100000] ece_heldout=0.298 acc=0.65 (9.2 ms/it)
[   34500/100000] ece_heldout=0.302 acc=0.65 (9.5 ms/it)
[   35000/100000] ece_heldout=0.300 acc=0.65 (8.3 ms/it)
[   35500/100000] ece_heldout=0.311 acc=0.66 (8.3 ms/it)
[   36000/100000] ece_heldout=0.305 acc=0.63 (8.1 ms/it)
[   36500/100000] ece_heldout=0.309 acc=0.66 (8.2 ms/it)
[   37000/100000] ece_heldout=0.298 acc=0.66 (8.1 ms/it)
[   37500/100000] ece_heldout=0.309 acc=0.64 (8.1 ms/it)
[   38000/100000] ece_heldout=0.303 acc=0.64 (8.6 ms/it)
[   38500/100000] ece_heldout=0.305 acc=0.64 (8.1 ms/it)
[   39000/100000] ece_heldout=0.314 acc=0.66 (8.1 ms/it)
[   39500/100000] ece_heldout=0.310 acc=0.64 (8.2 ms/it)
[   40000/100000] ece_heldout=0.306 acc=0.66 (8.0 ms/it)
[   40500/100000] ece_heldout=0.307 acc=0.66 (8.1 ms/it)
[   41000/100000] ece_heldout=0.309 acc=0.65 (8.1 ms/it)
[   41500/100000] ece_heldout=0.321 acc=0.66 (8.4 ms/it)
[   42000/100000] ece_heldout=0.307 acc=0.64 (8.4 ms/it)
[   42500/100000] ece_heldout=0.313 acc=0.67 (8.0 ms/it)
[   43000/100000] ece_heldout=0.305 acc=0.65 (8.2 ms/it)
[   43500/100000] ece_heldout=0.312 acc=0.65 (8.1 ms/it)
[   44000/100000] ece_heldout=0.313 acc=0.62 (8.2 ms/it)
[   44500/100000] ece_heldout=0.312 acc=0.65 (8.1 ms/it)
[   45000/100000] ece_heldout=0.321 acc=0.67 (8.1 ms/it)
[   45500/100000] ece_heldout=0.311 acc=0.65 (8.2 ms/it)
[   46000/100000] ece_heldout=0.320 acc=0.67 (8.1 ms/it)
[   46500/100000] ece_heldout=0.311 acc=0.65 (8.2 ms/it)
[   47000/100000] ece_heldout=0.324 acc=0.69 (8.2 ms/it)
[   47500/100000] ece_heldout=0.326 acc=0.68 (8.3 ms/it)
[   48000/100000] ece_heldout=0.310 acc=0.63 (8.2 ms/it)
[   48500/100000] ece_heldout=0.320 acc=0.64 (8.2 ms/it)
[   49000/100000] ece_heldout=0.316 acc=0.65 (8.1 ms/it)
[   49500/100000] ece_heldout=0.324 acc=0.66 (8.1 ms/it)
[   50000/100000] ece_heldout=0.320 acc=0.63 (8.5 ms/it)
[   50500/100000] ece_heldout=0.324 acc=0.65 (8.3 ms/it)
[   51000/100000] ece_heldout=0.328 acc=0.69 (8.7 ms/it)
[   51500/100000] ece_heldout=0.322 acc=0.64 (9.8 ms/it)
[   52000/100000] ece_heldout=0.326 acc=0.68 (9.0 ms/it)
[   52500/100000] ece_heldout=0.321 acc=0.65 (8.2 ms/it)
[   53000/100000] ece_heldout=0.331 acc=0.68 (8.1 ms/it)
[   53500/100000] ece_heldout=0.339 acc=0.67 (8.1 ms/it)
[   54000/100000] ece_heldout=0.316 acc=0.64 (8.3 ms/it)
[   54500/100000] ece_heldout=0.334 acc=0.66 (8.2 ms/it)
[   55000/100000] ece_heldout=0.322 acc=0.68 (8.3 ms/it)
[   55500/100000] ece_heldout=0.331 acc=0.65 (8.0 ms/it)
[   56000/100000] ece_heldout=0.332 acc=0.64 (8.1 ms/it)
[   56500/100000] ece_heldout=0.328 acc=0.66 (8.5 ms/it)
[   57000/100000] ece_heldout=0.337 acc=0.65 (8.3 ms/it)
budget temps atteint (600.0s) a 57245 interactions
miel phase2 : activation cible 25530/57245 (44.6%) sk>0.5
{
  "ece": 0.026570692566212084,
  "accuracy": 0.6358284566337672,
  "conf_moy": 0.653513529563091,
  "aurc": 0.24261867654008323,
  "coverage_0p5": 0.7327452179229627,
  "n": 57245,
  "ms_per_iter": 8.34798661681052,
  "n_new": 57245,
  "cycle": 0,
  "source": "synthetique"
}
