C:\Users\Mathieu\AppData\Local\Programs\Python\Python311\Lib\site-packages\torch\nn\modules\transformer.py:392: UserWarning: enable_nested_tensor is True, but self.use_nested_tensor is False because encoder_layer.norm_first was True
  warnings.warn(
[     500/100000] ece_heldout=0.071 acc=0.18 (7.8 ms/it)
[    1000/100000] ece_heldout=0.090 acc=0.33 (8.2 ms/it)
[    1500/100000] ece_heldout=0.088 acc=0.43 (8.2 ms/it)
[    2000/100000] ece_heldout=0.092 acc=0.51 (8.1 ms/it)
[    2500/100000] ece_heldout=0.123 acc=0.53 (8.4 ms/it)
[    3000/100000] ece_heldout=0.112 acc=0.55 (7.9 ms/it)
[    3500/100000] ece_heldout=0.139 acc=0.57 (8.0 ms/it)
[    4000/100000] ece_heldout=0.136 acc=0.56 (8.0 ms/it)
[    4500/100000] ece_heldout=0.169 acc=0.58 (8.0 ms/it)
[    5000/100000] ece_heldout=0.174 acc=0.59 (9.3 ms/it)
[    5500/100000] ece_heldout=0.155 acc=0.58 (8.8 ms/it)
[    6000/100000] ece_heldout=0.176 acc=0.60 (8.0 ms/it)
[    6500/100000] ece_heldout=0.178 acc=0.57 (7.7 ms/it)
[    7000/100000] ece_heldout=0.195 acc=0.60 (7.8 ms/it)
[    7500/100000] ece_heldout=0.198 acc=0.60 (8.2 ms/it)
[    8000/100000] ece_heldout=0.211 acc=0.61 (8.0 ms/it)
[    8500/100000] ece_heldout=0.214 acc=0.59 (7.9 ms/it)
[    9000/100000] ece_heldout=0.203 acc=0.58 (7.8 ms/it)
[    9500/100000] ece_heldout=0.211 acc=0.62 (7.8 ms/it)
[   10000/100000] ece_heldout=0.204 acc=0.61 (7.8 ms/it)
[   10500/100000] ece_heldout=0.219 acc=0.64 (7.9 ms/it)
[   11000/100000] ece_heldout=0.223 acc=0.62 (7.9 ms/it)
[   11500/100000] ece_heldout=0.215 acc=0.62 (7.8 ms/it)
[   12000/100000] ece_heldout=0.222 acc=0.64 (8.0 ms/it)
[   12500/100000] ece_heldout=0.219 acc=0.60 (7.8 ms/it)
[   13000/100000] ece_heldout=0.243 acc=0.65 (7.9 ms/it)
[   13500/100000] ece_heldout=0.229 acc=0.65 (7.8 ms/it)
[   14000/100000] ece_heldout=0.253 acc=0.64 (7.8 ms/it)
[   14500/100000] ece_heldout=0.245 acc=0.64 (7.9 ms/it)
[   15000/100000] ece_heldout=0.232 acc=0.64 (7.8 ms/it)
[   15500/100000] ece_heldout=0.253 acc=0.64 (7.9 ms/it)
[   16000/100000] ece_heldout=0.253 acc=0.65 (7.8 ms/it)
[   16500/100000] ece_heldout=0.252 acc=0.64 (7.9 ms/it)
[   17000/100000] ece_heldout=0.247 acc=0.67 (7.8 ms/it)
[   17500/100000] ece_heldout=0.253 acc=0.67 (7.9 ms/it)
[   18000/100000] ece_heldout=0.256 acc=0.64 (7.8 ms/it)
[   18500/100000] ece_heldout=0.252 acc=0.64 (7.9 ms/it)
[   19000/100000] ece_heldout=0.269 acc=0.67 (7.9 ms/it)
[   19500/100000] ece_heldout=0.262 acc=0.66 (7.8 ms/it)
[   20000/100000] ece_heldout=0.276 acc=0.66 (7.9 ms/it)
[   20500/100000] ece_heldout=0.266 acc=0.66 (8.1 ms/it)
[   21000/100000] ece_heldout=0.263 acc=0.65 (8.1 ms/it)
[   21500/100000] ece_heldout=0.270 acc=0.66 (7.7 ms/it)
[   22000/100000] ece_heldout=0.274 acc=0.67 (7.8 ms/it)
[   22500/100000] ece_heldout=0.286 acc=0.66 (8.0 ms/it)
[   23000/100000] ece_heldout=0.278 acc=0.66 (9.4 ms/it)
[   23500/100000] ece_heldout=0.275 acc=0.66 (8.5 ms/it)
[   24000/100000] ece_heldout=0.271 acc=0.68 (7.9 ms/it)
[   24500/100000] ece_heldout=0.268 acc=0.66 (7.8 ms/it)
[   25000/100000] ece_heldout=0.287 acc=0.68 (7.9 ms/it)
[   25500/100000] ece_heldout=0.276 acc=0.66 (7.8 ms/it)
[   26000/100000] ece_heldout=0.294 acc=0.66 (7.8 ms/it)
[   26500/100000] ece_heldout=0.284 acc=0.68 (7.9 ms/it)
[   27000/100000] ece_heldout=0.285 acc=0.68 (7.9 ms/it)
[   27500/100000] ece_heldout=0.287 acc=0.68 (7.8 ms/it)
[   28000/100000] ece_heldout=0.289 acc=0.68 (7.8 ms/it)
[   28500/100000] ece_heldout=0.300 acc=0.70 (7.8 ms/it)
[   29000/100000] ece_heldout=0.287 acc=0.67 (7.8 ms/it)
[   29500/100000] ece_heldout=0.292 acc=0.70 (7.8 ms/it)
[   30000/100000] ece_heldout=0.283 acc=0.69 (7.8 ms/it)
[   30500/100000] ece_heldout=0.290 acc=0.65 (7.8 ms/it)
[   31000/100000] ece_heldout=0.294 acc=0.69 (7.8 ms/it)
[   31500/100000] ece_heldout=0.290 acc=0.69 (7.7 ms/it)
[   32000/100000] ece_heldout=0.315 acc=0.68 (7.7 ms/it)
[   32500/100000] ece_heldout=0.300 acc=0.67 (8.0 ms/it)
[   33000/100000] ece_heldout=0.303 acc=0.69 (8.0 ms/it)
[   33500/100000] ece_heldout=0.304 acc=0.69 (7.8 ms/it)
[   34000/100000] ece_heldout=0.293 acc=0.70 (7.9 ms/it)
[   34500/100000] ece_heldout=0.315 acc=0.70 (7.9 ms/it)
[   35000/100000] ece_heldout=0.304 acc=0.70 (7.9 ms/it)
[   35500/100000] ece_heldout=0.307 acc=0.69 (7.8 ms/it)
[   36000/100000] ece_heldout=0.307 acc=0.70 (7.8 ms/it)
[   36500/100000] ece_heldout=0.299 acc=0.68 (7.9 ms/it)
[   37000/100000] ece_heldout=0.323 acc=0.72 (7.8 ms/it)
[   37500/100000] ece_heldout=0.299 acc=0.72 (7.8 ms/it)
[   38000/100000] ece_heldout=0.335 acc=0.70 (7.8 ms/it)
[   38500/100000] ece_heldout=0.321 acc=0.71 (7.9 ms/it)
[   39000/100000] ece_heldout=0.310 acc=0.70 (7.9 ms/it)
[   39500/100000] ece_heldout=0.320 acc=0.70 (7.8 ms/it)
[   40000/100000] ece_heldout=0.310 acc=0.70 (7.8 ms/it)
[   40500/100000] ece_heldout=0.329 acc=0.72 (8.1 ms/it)
[   41000/100000] ece_heldout=0.319 acc=0.70 (9.1 ms/it)
[   41500/100000] ece_heldout=0.317 acc=0.73 (9.0 ms/it)
[   42000/100000] ece_heldout=0.321 acc=0.73 (8.0 ms/it)
[   42500/100000] ece_heldout=0.311 acc=0.70 (7.9 ms/it)
[   43000/100000] ece_heldout=0.327 acc=0.71 (7.9 ms/it)
[   43500/100000] ece_heldout=0.317 acc=0.72 (7.9 ms/it)
[   44000/100000] ece_heldout=0.330 acc=0.71 (7.8 ms/it)
[   44500/100000] ece_heldout=0.328 acc=0.74 (8.0 ms/it)
[   45000/100000] ece_heldout=0.327 acc=0.72 (7.8 ms/it)
[   45500/100000] ece_heldout=0.328 acc=0.72 (8.4 ms/it)
[   46000/100000] ece_heldout=0.319 acc=0.71 (7.9 ms/it)
[   46500/100000] ece_heldout=0.339 acc=0.73 (7.9 ms/it)
[   47000/100000] ece_heldout=0.330 acc=0.71 (7.9 ms/it)
[   47500/100000] ece_heldout=0.320 acc=0.75 (7.9 ms/it)
[   48000/100000] ece_heldout=0.321 acc=0.75 (8.0 ms/it)
[   48500/100000] ece_heldout=0.318 acc=0.74 (7.8 ms/it)
[   49000/100000] ece_heldout=0.346 acc=0.73 (7.9 ms/it)
[   49500/100000] ece_heldout=0.325 acc=0.73 (7.9 ms/it)
[   50000/100000] ece_heldout=0.339 acc=0.72 (7.8 ms/it)
[   50500/100000] ece_heldout=0.340 acc=0.76 (7.9 ms/it)
[   51000/100000] ece_heldout=0.326 acc=0.75 (8.3 ms/it)
[   51500/100000] ece_heldout=0.333 acc=0.74 (7.9 ms/it)
[   52000/100000] ece_heldout=0.328 acc=0.74 (7.9 ms/it)
[   52500/100000] ece_heldout=0.337 acc=0.77 (7.7 ms/it)
[   53000/100000] ece_heldout=0.331 acc=0.74 (7.8 ms/it)
[   53500/100000] ece_heldout=0.335 acc=0.74 (7.9 ms/it)
[   54000/100000] ece_heldout=0.338 acc=0.75 (7.9 ms/it)
[   54500/100000] ece_heldout=0.335 acc=0.73 (7.9 ms/it)
[   55000/100000] ece_heldout=0.350 acc=0.75 (7.8 ms/it)
[   55500/100000] ece_heldout=0.340 acc=0.76 (7.8 ms/it)
[   56000/100000] ece_heldout=0.347 acc=0.76 (7.8 ms/it)
[   56500/100000] ece_heldout=0.343 acc=0.76 (7.8 ms/it)
[   57000/100000] ece_heldout=0.343 acc=0.76 (7.8 ms/it)
[   57500/100000] ece_heldout=0.347 acc=0.77 (7.9 ms/it)
[   58000/100000] ece_heldout=0.336 acc=0.78 (8.4 ms/it)
[   58500/100000] ece_heldout=0.353 acc=0.77 (8.5 ms/it)
[   59000/100000] ece_heldout=0.343 acc=0.76 (9.4 ms/it)
[   59500/100000] ece_heldout=0.347 acc=0.77 (8.9 ms/it)
budget temps atteint (600.0s) a 59793 interactions
miel phase2 : activation cible 14511/59793 (24.3%) sk>0.5
{
  "ece": 0.025443055104411798,
  "accuracy": 0.6709313799274162,
  "conf_moy": 0.6783887955034782,
  "aurc": 0.2180194885635988,
  "coverage_0p5": 0.7669794123057883,
  "n": 59793,
  "ms_per_iter": 7.978816941776001,
  "n_new": 59793,
  "cycle": 0,
  "source": "synthetique"
}
