C:\Users\Mathieu\AppData\Local\Programs\Python\Python311\Lib\site-packages\torch\nn\modules\transformer.py:392: UserWarning: enable_nested_tensor is True, but self.use_nested_tensor is False because encoder_layer.norm_first was True
  warnings.warn(
[     500/100000] ece_heldout=0.049 acc=0.18 (8.0 ms/it)
[    1000/100000] ece_heldout=0.091 acc=0.35 (8.1 ms/it)
[    1500/100000] ece_heldout=0.159 acc=0.53 (8.1 ms/it)
[    2000/100000] ece_heldout=0.186 acc=0.60 (8.0 ms/it)
[    2500/100000] ece_heldout=0.227 acc=0.59 (8.0 ms/it)
[    3000/100000] ece_heldout=0.259 acc=0.61 (8.1 ms/it)
[    3500/100000] ece_heldout=0.290 acc=0.64 (8.1 ms/it)
[    4000/100000] ece_heldout=0.304 acc=0.64 (8.0 ms/it)
[    4500/100000] ece_heldout=0.322 acc=0.63 (8.0 ms/it)
[    5000/100000] ece_heldout=0.345 acc=0.66 (8.1 ms/it)
[    5500/100000] ece_heldout=0.358 acc=0.61 (8.0 ms/it)
[    6000/100000] ece_heldout=0.372 acc=0.62 (8.2 ms/it)
[    6500/100000] ece_heldout=0.371 acc=0.65 (8.1 ms/it)
[    7000/100000] ece_heldout=0.378 acc=0.65 (8.1 ms/it)
[    7500/100000] ece_heldout=0.391 acc=0.66 (8.3 ms/it)
[    8000/100000] ece_heldout=0.388 acc=0.62 (8.0 ms/it)
[    8500/100000] ece_heldout=0.402 acc=0.64 (8.2 ms/it)
[    9000/100000] ece_heldout=0.402 acc=0.65 (8.1 ms/it)
[    9500/100000] ece_heldout=0.397 acc=0.64 (8.3 ms/it)
[   10000/100000] ece_heldout=0.410 acc=0.64 (8.0 ms/it)
[   10500/100000] ece_heldout=0.410 acc=0.64 (8.1 ms/it)
[   11000/100000] ece_heldout=0.416 acc=0.65 (8.1 ms/it)
[   11500/100000] ece_heldout=0.418 acc=0.63 (8.6 ms/it)
[   12000/100000] ece_heldout=0.431 acc=0.63 (9.7 ms/it)
[   12500/100000] ece_heldout=0.423 acc=0.64 (8.7 ms/it)
[   13000/100000] ece_heldout=0.414 acc=0.65 (8.1 ms/it)
[   13500/100000] ece_heldout=0.422 acc=0.66 (8.1 ms/it)
[   14000/100000] ece_heldout=0.417 acc=0.64 (8.4 ms/it)
[   14500/100000] ece_heldout=0.435 acc=0.64 (8.0 ms/it)
[   15000/100000] ece_heldout=0.434 acc=0.63 (8.0 ms/it)
[   15500/100000] ece_heldout=0.426 acc=0.65 (8.4 ms/it)
[   16000/100000] ece_heldout=0.433 acc=0.66 (8.2 ms/it)
[   16500/100000] ece_heldout=0.428 acc=0.65 (8.2 ms/it)
[   17000/100000] ece_heldout=0.435 acc=0.64 (8.2 ms/it)
[   17500/100000] ece_heldout=0.436 acc=0.63 (8.2 ms/it)
[   18000/100000] ece_heldout=0.442 acc=0.66 (8.1 ms/it)
[   18500/100000] ece_heldout=0.441 acc=0.67 (8.1 ms/it)
[   19000/100000] ece_heldout=0.428 acc=0.64 (8.2 ms/it)
[   19500/100000] ece_heldout=0.441 acc=0.65 (8.2 ms/it)
[   20000/100000] ece_heldout=0.432 acc=0.63 (8.1 ms/it)
[   20500/100000] ece_heldout=0.443 acc=0.66 (8.2 ms/it)
[   21000/100000] ece_heldout=0.440 acc=0.62 (8.1 ms/it)
[   21500/100000] ece_heldout=0.437 acc=0.67 (8.1 ms/it)
[   22000/100000] ece_heldout=0.439 acc=0.68 (8.1 ms/it)
[   22500/100000] ece_heldout=0.440 acc=0.65 (8.4 ms/it)
[   23000/100000] ece_heldout=0.442 acc=0.68 (8.3 ms/it)
[   23500/100000] ece_heldout=0.449 acc=0.64 (8.0 ms/it)
[   24000/100000] ece_heldout=0.456 acc=0.67 (7.9 ms/it)
[   24500/100000] ece_heldout=0.445 acc=0.65 (8.1 ms/it)
[   25000/100000] ece_heldout=0.438 acc=0.66 (8.4 ms/it)
[   25500/100000] ece_heldout=0.450 acc=0.68 (8.1 ms/it)
[   26000/100000] ece_heldout=0.439 acc=0.66 (8.1 ms/it)
[   26500/100000] ece_heldout=0.449 acc=0.67 (8.1 ms/it)
[   27000/100000] ece_heldout=0.444 acc=0.64 (8.1 ms/it)
[   27500/100000] ece_heldout=0.440 acc=0.68 (8.2 ms/it)
[   28000/100000] ece_heldout=0.445 acc=0.68 (8.2 ms/it)
[   28500/100000] ece_heldout=0.448 acc=0.67 (8.3 ms/it)
[   29000/100000] ece_heldout=0.450 acc=0.69 (8.0 ms/it)
[   29500/100000] ece_heldout=0.454 acc=0.67 (8.1 ms/it)
[   30000/100000] ece_heldout=0.450 acc=0.67 (8.7 ms/it)
[   30500/100000] ece_heldout=0.450 acc=0.68 (9.6 ms/it)
[   31000/100000] ece_heldout=0.440 acc=0.67 (8.6 ms/it)
[   31500/100000] ece_heldout=0.451 acc=0.69 (8.2 ms/it)
[   32000/100000] ece_heldout=0.442 acc=0.66 (8.2 ms/it)
[   32500/100000] ece_heldout=0.457 acc=0.68 (8.3 ms/it)
[   33000/100000] ece_heldout=0.447 acc=0.66 (8.1 ms/it)
[   33500/100000] ece_heldout=0.444 acc=0.69 (8.0 ms/it)
[   34000/100000] ece_heldout=0.443 acc=0.67 (8.1 ms/it)
[   34500/100000] ece_heldout=0.456 acc=0.67 (8.4 ms/it)
[   35000/100000] ece_heldout=0.454 acc=0.67 (8.3 ms/it)
[   35500/100000] ece_heldout=0.459 acc=0.66 (8.1 ms/it)
[   36000/100000] ece_heldout=0.456 acc=0.68 (8.1 ms/it)
[   36500/100000] ece_heldout=0.456 acc=0.67 (8.0 ms/it)
[   37000/100000] ece_heldout=0.448 acc=0.68 (8.1 ms/it)
[   37500/100000] ece_heldout=0.456 acc=0.71 (8.6 ms/it)
[   38000/100000] ece_heldout=0.447 acc=0.67 (8.2 ms/it)
[   38500/100000] ece_heldout=0.463 acc=0.68 (8.1 ms/it)
[   39000/100000] ece_heldout=0.449 acc=0.67 (8.1 ms/it)
[   39500/100000] ece_heldout=0.450 acc=0.68 (8.3 ms/it)
[   40000/100000] ece_heldout=0.448 acc=0.70 (8.1 ms/it)
[   40500/100000] ece_heldout=0.457 acc=0.67 (8.3 ms/it)
[   41000/100000] ece_heldout=0.457 acc=0.70 (8.2 ms/it)
[   41500/100000] ece_heldout=0.460 acc=0.68 (8.1 ms/it)
[   42000/100000] ece_heldout=0.459 acc=0.68 (8.1 ms/it)
[   42500/100000] ece_heldout=0.455 acc=0.68 (8.2 ms/it)
[   43000/100000] ece_heldout=0.453 acc=0.68 (8.1 ms/it)
[   43500/100000] ece_heldout=0.454 acc=0.68 (8.1 ms/it)
[   44000/100000] ece_heldout=0.456 acc=0.67 (8.2 ms/it)
[   44500/100000] ece_heldout=0.456 acc=0.68 (8.3 ms/it)
[   45000/100000] ece_heldout=0.454 acc=0.67 (8.4 ms/it)
[   45500/100000] ece_heldout=0.454 acc=0.69 (8.1 ms/it)
[   46000/100000] ece_heldout=0.455 acc=0.70 (8.2 ms/it)
[   46500/100000] ece_heldout=0.456 acc=0.67 (8.2 ms/it)
[   47000/100000] ece_heldout=0.453 acc=0.70 (8.1 ms/it)
[   47500/100000] ece_heldout=0.461 acc=0.68 (8.2 ms/it)
[   48000/100000] ece_heldout=0.454 acc=0.69 (8.2 ms/it)
[   48500/100000] ece_heldout=0.465 acc=0.70 (8.9 ms/it)
[   49000/100000] ece_heldout=0.457 acc=0.69 (9.6 ms/it)
[   49500/100000] ece_heldout=0.459 acc=0.71 (8.2 ms/it)
[   50000/100000] ece_heldout=0.458 acc=0.69 (8.3 ms/it)
[   50500/100000] ece_heldout=0.464 acc=0.68 (8.5 ms/it)
[   51000/100000] ece_heldout=0.454 acc=0.66 (8.2 ms/it)
[   51500/100000] ece_heldout=0.457 acc=0.70 (8.1 ms/it)
[   52000/100000] ece_heldout=0.459 acc=0.69 (8.1 ms/it)
[   52500/100000] ece_heldout=0.458 acc=0.69 (8.1 ms/it)
[   53000/100000] ece_heldout=0.453 acc=0.70 (8.1 ms/it)
[   53500/100000] ece_heldout=0.471 acc=0.69 (8.1 ms/it)
[   54000/100000] ece_heldout=0.460 acc=0.70 (8.1 ms/it)
[   54500/100000] ece_heldout=0.464 acc=0.70 (8.0 ms/it)
[   55000/100000] ece_heldout=0.454 acc=0.72 (8.1 ms/it)
[   55500/100000] ece_heldout=0.456 acc=0.71 (8.0 ms/it)
[   56000/100000] ece_heldout=0.458 acc=0.71 (8.0 ms/it)
[   56500/100000] ece_heldout=0.462 acc=0.70 (8.2 ms/it)
[   57000/100000] ece_heldout=0.461 acc=0.68 (8.2 ms/it)
[   57500/100000] ece_heldout=0.459 acc=0.70 (8.2 ms/it)
[   58000/100000] ece_heldout=0.460 acc=0.70 (8.1 ms/it)
[   58500/100000] ece_heldout=0.466 acc=0.69 (8.1 ms/it)
[   59000/100000] ece_heldout=0.459 acc=0.71 (8.0 ms/it)
[   59500/100000] ece_heldout=0.459 acc=0.70 (8.1 ms/it)
[   60000/100000] ece_heldout=0.464 acc=0.70 (8.1 ms/it)
[   60500/100000] ece_heldout=0.466 acc=0.71 (8.2 ms/it)
[   61000/100000] ece_heldout=0.452 acc=0.69 (8.1 ms/it)
[   61500/100000] ece_heldout=0.463 acc=0.70 (9.2 ms/it)
budget temps atteint (600.0s) a 61514 interactions
{
  "ece": 0.06861165543208342,
  "accuracy": 0.6611015378612999,
  "conf_moy": 0.7190809864416381,
  "aurc": 0.2328814272236714,
  "coverage_0p5": 0.8086939558474494,
  "n": 61514,
  "ms_per_iter": 8.216298579565047,
  "n_new": 61514,
  "cycle": 0,
  "source": "synthetique"
}
