C:\Users\Mathieu\AppData\Local\Programs\Python\Python311\Lib\site-packages\torch\nn\modules\transformer.py:392: UserWarning: enable_nested_tensor is True, but self.use_nested_tensor is False because encoder_layer.norm_first was True
  warnings.warn(
[     500/100000] ece_heldout=0.044 acc=0.12 (7.6 ms/it)
[    1000/100000] ece_heldout=0.101 acc=0.36 (8.2 ms/it)
[    1500/100000] ece_heldout=0.149 acc=0.47 (8.2 ms/it)
[    2000/100000] ece_heldout=0.173 acc=0.52 (8.4 ms/it)
[    2500/100000] ece_heldout=0.187 acc=0.61 (8.3 ms/it)
[    3000/100000] ece_heldout=0.193 acc=0.58 (8.3 ms/it)
[    3500/100000] ece_heldout=0.216 acc=0.62 (8.3 ms/it)
[    4000/100000] ece_heldout=0.211 acc=0.62 (8.3 ms/it)
[    4500/100000] ece_heldout=0.228 acc=0.63 (8.6 ms/it)
[    5000/100000] ece_heldout=0.230 acc=0.65 (8.4 ms/it)
[    5500/100000] ece_heldout=0.243 acc=0.60 (8.8 ms/it)
[    6000/100000] ece_heldout=0.250 acc=0.66 (9.4 ms/it)
[    6500/100000] ece_heldout=0.248 acc=0.63 (9.6 ms/it)
[    7000/100000] ece_heldout=0.256 acc=0.64 (9.1 ms/it)
[    7500/100000] ece_heldout=0.249 acc=0.65 (9.8 ms/it)
[    8000/100000] ece_heldout=0.271 acc=0.65 (8.5 ms/it)
[    8500/100000] ece_heldout=0.276 acc=0.68 (8.9 ms/it)
[    9000/100000] ece_heldout=0.271 acc=0.64 (8.9 ms/it)
[    9500/100000] ece_heldout=0.282 acc=0.66 (8.9 ms/it)
[   10000/100000] ece_heldout=0.267 acc=0.63 (9.9 ms/it)
[   10500/100000] ece_heldout=0.277 acc=0.64 (9.5 ms/it)
[   11000/100000] ece_heldout=0.284 acc=0.66 (8.9 ms/it)
[   11500/100000] ece_heldout=0.276 acc=0.63 (9.6 ms/it)
[   12000/100000] ece_heldout=0.297 acc=0.67 (9.6 ms/it)
[   12500/100000] ece_heldout=0.277 acc=0.64 (9.3 ms/it)
[   13000/100000] ece_heldout=0.288 acc=0.64 (10.6 ms/it)
[   13500/100000] ece_heldout=0.281 acc=0.66 (10.7 ms/it)
[   14000/100000] ece_heldout=0.292 acc=0.64 (9.4 ms/it)
[   14500/100000] ece_heldout=0.300 acc=0.66 (9.6 ms/it)
[   15000/100000] ece_heldout=0.294 acc=0.65 (10.6 ms/it)
[   15500/100000] ece_heldout=0.304 acc=0.66 (9.7 ms/it)
[   16000/100000] ece_heldout=0.290 acc=0.63 (9.8 ms/it)
[   16500/100000] ece_heldout=0.299 acc=0.68 (11.1 ms/it)
[   17000/100000] ece_heldout=0.293 acc=0.65 (11.9 ms/it)
[   17500/100000] ece_heldout=0.300 acc=0.60 (10.7 ms/it)
[   18000/100000] ece_heldout=0.317 acc=0.67 (11.8 ms/it)
[   18500/100000] ece_heldout=0.301 acc=0.64 (11.3 ms/it)
[   19000/100000] ece_heldout=0.305 acc=0.66 (12.0 ms/it)
[   19500/100000] ece_heldout=0.290 acc=0.64 (9.5 ms/it)
[   20000/100000] ece_heldout=0.306 acc=0.65 (11.6 ms/it)
[   20500/100000] ece_heldout=0.314 acc=0.66 (11.2 ms/it)
[   21000/100000] ece_heldout=0.306 acc=0.64 (12.1 ms/it)
[   21500/100000] ece_heldout=0.320 acc=0.66 (11.4 ms/it)
[   22000/100000] ece_heldout=0.298 acc=0.63 (10.5 ms/it)
[   22500/100000] ece_heldout=0.308 acc=0.68 (10.7 ms/it)
[   23000/100000] ece_heldout=0.310 acc=0.65 (11.3 ms/it)
[   23500/100000] ece_heldout=0.305 acc=0.63 (12.1 ms/it)
[   24000/100000] ece_heldout=0.320 acc=0.66 (11.4 ms/it)
[   24500/100000] ece_heldout=0.309 acc=0.66 (11.1 ms/it)
[   25000/100000] ece_heldout=0.316 acc=0.65 (11.6 ms/it)
[   25500/100000] ece_heldout=0.301 acc=0.65 (11.3 ms/it)
[   26000/100000] ece_heldout=0.321 acc=0.63 (11.1 ms/it)
[   26500/100000] ece_heldout=0.325 acc=0.66 (12.0 ms/it)
[   27000/100000] ece_heldout=0.315 acc=0.64 (9.8 ms/it)
[   27500/100000] ece_heldout=0.332 acc=0.66 (11.8 ms/it)
[   28000/100000] ece_heldout=0.311 acc=0.62 (9.2 ms/it)
[   28500/100000] ece_heldout=0.323 acc=0.66 (9.9 ms/it)
[   29000/100000] ece_heldout=0.323 acc=0.67 (10.8 ms/it)
[   29500/100000] ece_heldout=0.317 acc=0.63 (10.5 ms/it)
[   30000/100000] ece_heldout=0.339 acc=0.64 (11.6 ms/it)
[   30500/100000] ece_heldout=0.324 acc=0.63 (10.2 ms/it)
[   31000/100000] ece_heldout=0.334 acc=0.65 (11.2 ms/it)
[   31500/100000] ece_heldout=0.321 acc=0.66 (13.5 ms/it)
[   32000/100000] ece_heldout=0.327 acc=0.63 (11.8 ms/it)
[   32500/100000] ece_heldout=0.335 acc=0.66 (11.1 ms/it)
[   33000/100000] ece_heldout=0.329 acc=0.64 (10.7 ms/it)
[   33500/100000] ece_heldout=0.345 acc=0.67 (12.1 ms/it)
[   34000/100000] ece_heldout=0.326 acc=0.63 (10.0 ms/it)
[   34500/100000] ece_heldout=0.332 acc=0.64 (12.3 ms/it)
[   35000/100000] ece_heldout=0.334 acc=0.65 (10.7 ms/it)
[   35500/100000] ece_heldout=0.325 acc=0.63 (11.6 ms/it)
[   36000/100000] ece_heldout=0.349 acc=0.66 (11.3 ms/it)
[   36500/100000] ece_heldout=0.331 acc=0.64 (11.4 ms/it)
[   37000/100000] ece_heldout=0.341 acc=0.64 (11.1 ms/it)
[   37500/100000] ece_heldout=0.322 acc=0.64 (11.9 ms/it)
[   38000/100000] ece_heldout=0.338 acc=0.62 (11.5 ms/it)
[   38500/100000] ece_heldout=0.344 acc=0.67 (14.2 ms/it)
[   39000/100000] ece_heldout=0.334 acc=0.61 (10.8 ms/it)
[   39500/100000] ece_heldout=0.346 acc=0.65 (10.6 ms/it)
[   40000/100000] ece_heldout=0.333 acc=0.64 (10.2 ms/it)
[   40500/100000] ece_heldout=0.336 acc=0.64 (11.8 ms/it)
[   41000/100000] ece_heldout=0.344 acc=0.65 (9.4 ms/it)
[   41500/100000] ece_heldout=0.334 acc=0.62 (10.2 ms/it)
[   42000/100000] ece_heldout=0.360 acc=0.65 (9.2 ms/it)
[   42500/100000] ece_heldout=0.336 acc=0.64 (9.5 ms/it)
[   43000/100000] ece_heldout=0.341 acc=0.64 (9.5 ms/it)
[   43500/100000] ece_heldout=0.325 acc=0.63 (9.7 ms/it)
[   44000/100000] ece_heldout=0.340 acc=0.68 (10.1 ms/it)
[   44500/100000] ece_heldout=0.355 acc=0.66 (9.7 ms/it)
[   45000/100000] ece_heldout=0.340 acc=0.64 (10.3 ms/it)
[   45500/100000] ece_heldout=0.361 acc=0.66 (10.5 ms/it)
[   46000/100000] ece_heldout=0.341 acc=0.63 (8.7 ms/it)
[   46500/100000] ece_heldout=0.350 acc=0.65 (9.3 ms/it)
budget temps atteint (600.0s) a 46531 interactions
miel phase2 : activation cible 20939/46531 (45.0%) sk>0.5
{
  "ece": 0.025869772149526668,
  "accuracy": 0.6327179729642604,
  "conf_moy": 0.6433578514089331,
  "aurc": 0.23936040475345188,
  "coverage_0p5": 0.715286583138123,
  "n": 46531,
  "ms_per_iter": 10.312421320178021,
  "n_new": 46531,
  "cycle": 0,
  "source": "synthetique"
}
