C:\Users\Mathieu\AppData\Local\Programs\Python\Python311\Lib\site-packages\torch\nn\modules\transformer.py:392: UserWarning: enable_nested_tensor is True, but self.use_nested_tensor is False because encoder_layer.norm_first was True
  warnings.warn(
[     500/100000] ece_heldout=0.022 acc=0.12 (7.6 ms/it)
[    1000/100000] ece_heldout=0.090 acc=0.38 (8.4 ms/it)
[    1500/100000] ece_heldout=0.143 acc=0.40 (8.5 ms/it)
[    2000/100000] ece_heldout=0.166 acc=0.52 (8.3 ms/it)
[    2500/100000] ece_heldout=0.166 acc=0.56 (8.5 ms/it)
[    3000/100000] ece_heldout=0.192 acc=0.61 (8.3 ms/it)
[    3500/100000] ece_heldout=0.200 acc=0.58 (8.3 ms/it)
[    4000/100000] ece_heldout=0.221 acc=0.60 (8.3 ms/it)
[    4500/100000] ece_heldout=0.226 acc=0.61 (9.4 ms/it)
[    5000/100000] ece_heldout=0.236 acc=0.62 (8.6 ms/it)
[    5500/100000] ece_heldout=0.245 acc=0.63 (8.4 ms/it)
[    6000/100000] ece_heldout=0.243 acc=0.62 (8.6 ms/it)
[    6500/100000] ece_heldout=0.252 acc=0.63 (9.8 ms/it)
[    7000/100000] ece_heldout=0.262 acc=0.63 (9.6 ms/it)
[    7500/100000] ece_heldout=0.263 acc=0.62 (9.6 ms/it)
[    8000/100000] ece_heldout=0.266 acc=0.62 (9.5 ms/it)
[    8500/100000] ece_heldout=0.271 acc=0.65 (8.7 ms/it)
[    9000/100000] ece_heldout=0.270 acc=0.64 (8.9 ms/it)
[    9500/100000] ece_heldout=0.274 acc=0.63 (9.5 ms/it)
[   10000/100000] ece_heldout=0.278 acc=0.64 (9.7 ms/it)
[   10500/100000] ece_heldout=0.276 acc=0.64 (8.6 ms/it)
[   11000/100000] ece_heldout=0.280 acc=0.64 (8.3 ms/it)
[   11500/100000] ece_heldout=0.281 acc=0.63 (8.3 ms/it)
[   12000/100000] ece_heldout=0.276 acc=0.65 (8.4 ms/it)
[   12500/100000] ece_heldout=0.282 acc=0.64 (8.5 ms/it)
[   13000/100000] ece_heldout=0.278 acc=0.63 (8.6 ms/it)
[   13500/100000] ece_heldout=0.286 acc=0.66 (8.4 ms/it)
[   14000/100000] ece_heldout=0.285 acc=0.63 (8.7 ms/it)
[   14500/100000] ece_heldout=0.285 acc=0.63 (9.0 ms/it)
[   15000/100000] ece_heldout=0.287 acc=0.65 (9.0 ms/it)
[   15500/100000] ece_heldout=0.287 acc=0.65 (8.9 ms/it)
[   16000/100000] ece_heldout=0.291 acc=0.65 (8.5 ms/it)
[   16500/100000] ece_heldout=0.287 acc=0.64 (8.4 ms/it)
[   17000/100000] ece_heldout=0.291 acc=0.66 (8.3 ms/it)
[   17500/100000] ece_heldout=0.289 acc=0.67 (8.4 ms/it)
[   18000/100000] ece_heldout=0.292 acc=0.64 (8.6 ms/it)
[   18500/100000] ece_heldout=0.285 acc=0.64 (8.4 ms/it)
[   19000/100000] ece_heldout=0.292 acc=0.64 (8.3 ms/it)
[   19500/100000] ece_heldout=0.294 acc=0.65 (8.4 ms/it)
[   20000/100000] ece_heldout=0.290 acc=0.63 (8.4 ms/it)
[   20500/100000] ece_heldout=0.303 acc=0.65 (8.3 ms/it)
[   21000/100000] ece_heldout=0.297 acc=0.63 (8.7 ms/it)
[   21500/100000] ece_heldout=0.295 acc=0.66 (8.5 ms/it)
[   22000/100000] ece_heldout=0.296 acc=0.66 (8.5 ms/it)
[   22500/100000] ece_heldout=0.295 acc=0.65 (8.4 ms/it)
[   23000/100000] ece_heldout=0.294 acc=0.66 (9.3 ms/it)
[   23500/100000] ece_heldout=0.296 acc=0.65 (9.8 ms/it)
[   24000/100000] ece_heldout=0.297 acc=0.66 (8.6 ms/it)
[   24500/100000] ece_heldout=0.289 acc=0.68 (8.4 ms/it)
[   25000/100000] ece_heldout=0.290 acc=0.66 (8.5 ms/it)
[   25500/100000] ece_heldout=0.300 acc=0.67 (8.4 ms/it)
[   26000/100000] ece_heldout=0.305 acc=0.67 (8.3 ms/it)
[   26500/100000] ece_heldout=0.308 acc=0.66 (8.3 ms/it)
[   27000/100000] ece_heldout=0.306 acc=0.66 (8.5 ms/it)
[   27500/100000] ece_heldout=0.305 acc=0.66 (8.9 ms/it)
[   28000/100000] ece_heldout=0.307 acc=0.67 (8.8 ms/it)
[   28500/100000] ece_heldout=0.302 acc=0.65 (8.7 ms/it)
[   29000/100000] ece_heldout=0.303 acc=0.67 (8.2 ms/it)
[   29500/100000] ece_heldout=0.311 acc=0.70 (8.6 ms/it)
[   30000/100000] ece_heldout=0.305 acc=0.68 (8.3 ms/it)
[   30500/100000] ece_heldout=0.302 acc=0.66 (8.3 ms/it)
[   31000/100000] ece_heldout=0.310 acc=0.64 (8.4 ms/it)
[   31500/100000] ece_heldout=0.309 acc=0.65 (8.4 ms/it)
[   32000/100000] ece_heldout=0.307 acc=0.67 (8.4 ms/it)
[   32500/100000] ece_heldout=0.323 acc=0.68 (8.5 ms/it)
[   33000/100000] ece_heldout=0.304 acc=0.68 (8.9 ms/it)
[   33500/100000] ece_heldout=0.310 acc=0.66 (9.0 ms/it)
[   34000/100000] ece_heldout=0.315 acc=0.69 (8.6 ms/it)
[   34500/100000] ece_heldout=0.312 acc=0.66 (8.4 ms/it)
[   35000/100000] ece_heldout=0.307 acc=0.66 (9.0 ms/it)
[   35500/100000] ece_heldout=0.310 acc=0.69 (9.1 ms/it)
[   36000/100000] ece_heldout=0.312 acc=0.69 (9.0 ms/it)
[   36500/100000] ece_heldout=0.315 acc=0.67 (8.3 ms/it)
[   37000/100000] ece_heldout=0.317 acc=0.67 (8.2 ms/it)
[   37500/100000] ece_heldout=0.317 acc=0.64 (8.3 ms/it)
[   38000/100000] ece_heldout=0.311 acc=0.69 (8.2 ms/it)
[   38500/100000] ece_heldout=0.321 acc=0.67 (8.4 ms/it)
[   39000/100000] ece_heldout=0.308 acc=0.69 (8.4 ms/it)
[   39500/100000] ece_heldout=0.313 acc=0.67 (9.3 ms/it)
[   40000/100000] ece_heldout=0.321 acc=0.67 (10.0 ms/it)
[   40500/100000] ece_heldout=0.316 acc=0.66 (8.6 ms/it)
[   41000/100000] ece_heldout=0.315 acc=0.68 (8.3 ms/it)
[   41500/100000] ece_heldout=0.313 acc=0.68 (8.5 ms/it)
[   42000/100000] ece_heldout=0.315 acc=0.67 (8.4 ms/it)
[   42500/100000] ece_heldout=0.312 acc=0.67 (8.3 ms/it)
[   43000/100000] ece_heldout=0.324 acc=0.65 (8.3 ms/it)
[   43500/100000] ece_heldout=0.321 acc=0.67 (8.4 ms/it)
[   44000/100000] ece_heldout=0.320 acc=0.64 (8.3 ms/it)
[   44500/100000] ece_heldout=0.323 acc=0.67 (8.4 ms/it)
[   45000/100000] ece_heldout=0.314 acc=0.66 (9.1 ms/it)
[   45500/100000] ece_heldout=0.309 acc=0.69 (8.5 ms/it)
[   46000/100000] ece_heldout=0.316 acc=0.65 (8.4 ms/it)
[   46500/100000] ece_heldout=0.303 acc=0.65 (8.4 ms/it)
[   47000/100000] ece_heldout=0.317 acc=0.68 (9.0 ms/it)
[   47500/100000] ece_heldout=0.321 acc=0.67 (8.7 ms/it)
[   48000/100000] ece_heldout=0.312 acc=0.69 (8.6 ms/it)
[   48500/100000] ece_heldout=0.315 acc=0.67 (8.3 ms/it)
[   49000/100000] ece_heldout=0.319 acc=0.66 (8.3 ms/it)
[   49500/100000] ece_heldout=0.326 acc=0.67 (8.4 ms/it)
[   50000/100000] ece_heldout=0.320 acc=0.63 (8.6 ms/it)
[   50500/100000] ece_heldout=0.323 acc=0.67 (8.3 ms/it)
[   51000/100000] ece_heldout=0.323 acc=0.67 (8.3 ms/it)
[   51500/100000] ece_heldout=0.311 acc=0.68 (8.2 ms/it)
[   52000/100000] ece_heldout=0.319 acc=0.68 (8.4 ms/it)
[   52500/100000] ece_heldout=0.315 acc=0.69 (8.4 ms/it)
[   53000/100000] ece_heldout=0.328 acc=0.68 (8.3 ms/it)
[   53500/100000] ece_heldout=0.325 acc=0.68 (9.0 ms/it)
[   54000/100000] ece_heldout=0.317 acc=0.68 (8.4 ms/it)
[   54500/100000] ece_heldout=0.318 acc=0.68 (8.4 ms/it)
[   55000/100000] ece_heldout=0.315 acc=0.66 (8.3 ms/it)
[   55500/100000] ece_heldout=0.327 acc=0.66 (8.5 ms/it)
budget temps atteint (600.0s) a 55708 interactions
miel phase2 : activation cible 24057/55708 (43.2%) sk>0.5
{
  "ece": 0.02285007644089495,
  "accuracy": 0.64489839879371,
  "conf_moy": 0.6476449917112952,
  "aurc": 0.23010839890520163,
  "coverage_0p5": 0.724904861061248,
  "n": 55708,
  "ms_per_iter": 8.600087512324373,
  "n_new": 55708,
  "cycle": 0,
  "source": "synthetique"
}
