C:\Users\Mathieu\AppData\Local\Programs\Python\Python311\Lib\site-packages\torch\nn\modules\transformer.py:392: UserWarning: enable_nested_tensor is True, but self.use_nested_tensor is False because encoder_layer.norm_first was True
  warnings.warn(
[     500/100000] ece_heldout=0.026 acc=0.11 (7.5 ms/it)
[    1000/100000] ece_heldout=0.109 acc=0.25 (8.1 ms/it)
[    1500/100000] ece_heldout=0.124 acc=0.43 (8.2 ms/it)
[    2000/100000] ece_heldout=0.136 acc=0.53 (8.3 ms/it)
[    2500/100000] ece_heldout=0.155 acc=0.54 (8.2 ms/it)
[    3000/100000] ece_heldout=0.159 acc=0.60 (8.2 ms/it)
[    3500/100000] ece_heldout=0.174 acc=0.64 (8.2 ms/it)
[    4000/100000] ece_heldout=0.185 acc=0.65 (8.2 ms/it)
[    4500/100000] ece_heldout=0.199 acc=0.62 (8.6 ms/it)
[    5000/100000] ece_heldout=0.211 acc=0.65 (8.4 ms/it)
[    5500/100000] ece_heldout=0.219 acc=0.65 (8.9 ms/it)
[    6000/100000] ece_heldout=0.211 acc=0.63 (9.3 ms/it)
[    6500/100000] ece_heldout=0.218 acc=0.65 (9.8 ms/it)
[    7000/100000] ece_heldout=0.226 acc=0.66 (8.9 ms/it)
[    7500/100000] ece_heldout=0.234 acc=0.64 (9.8 ms/it)
[    8000/100000] ece_heldout=0.239 acc=0.64 (8.4 ms/it)
[    8500/100000] ece_heldout=0.239 acc=0.65 (8.7 ms/it)
[    9000/100000] ece_heldout=0.240 acc=0.63 (8.9 ms/it)
[    9500/100000] ece_heldout=0.234 acc=0.64 (8.6 ms/it)
[   10000/100000] ece_heldout=0.236 acc=0.66 (9.7 ms/it)
[   10500/100000] ece_heldout=0.251 acc=0.66 (9.6 ms/it)
[   11000/100000] ece_heldout=0.242 acc=0.65 (8.6 ms/it)
[   11500/100000] ece_heldout=0.253 acc=0.64 (9.2 ms/it)
[   12000/100000] ece_heldout=0.246 acc=0.63 (9.7 ms/it)
[   12500/100000] ece_heldout=0.247 acc=0.69 (9.3 ms/it)
[   13000/100000] ece_heldout=0.254 acc=0.66 (9.5 ms/it)
[   13500/100000] ece_heldout=0.254 acc=0.63 (9.7 ms/it)
[   14000/100000] ece_heldout=0.256 acc=0.64 (11.4 ms/it)
[   14500/100000] ece_heldout=0.262 acc=0.66 (9.8 ms/it)
[   15000/100000] ece_heldout=0.247 acc=0.66 (10.6 ms/it)
[   15500/100000] ece_heldout=0.257 acc=0.65 (9.7 ms/it)
[   16000/100000] ece_heldout=0.250 acc=0.66 (9.7 ms/it)
[   16500/100000] ece_heldout=0.257 acc=0.64 (9.5 ms/it)
[   17000/100000] ece_heldout=0.256 acc=0.64 (9.2 ms/it)
[   17500/100000] ece_heldout=0.268 acc=0.66 (11.5 ms/it)
[   18000/100000] ece_heldout=0.258 acc=0.63 (9.7 ms/it)
[   18500/100000] ece_heldout=0.259 acc=0.66 (9.2 ms/it)
[   19000/100000] ece_heldout=0.268 acc=0.68 (9.5 ms/it)
[   19500/100000] ece_heldout=0.263 acc=0.64 (11.7 ms/it)
[   20000/100000] ece_heldout=0.267 acc=0.66 (11.8 ms/it)
[   20500/100000] ece_heldout=0.271 acc=0.64 (9.1 ms/it)
[   21000/100000] ece_heldout=0.259 acc=0.65 (10.0 ms/it)
[   21500/100000] ece_heldout=0.264 acc=0.65 (12.1 ms/it)
[   22000/100000] ece_heldout=0.266 acc=0.63 (11.4 ms/it)
[   22500/100000] ece_heldout=0.268 acc=0.65 (10.9 ms/it)
[   23000/100000] ece_heldout=0.273 acc=0.65 (10.6 ms/it)
[   23500/100000] ece_heldout=0.276 acc=0.65 (11.1 ms/it)
[   24000/100000] ece_heldout=0.271 acc=0.62 (9.1 ms/it)
[   24500/100000] ece_heldout=0.269 acc=0.68 (11.7 ms/it)
[   25000/100000] ece_heldout=0.273 acc=0.69 (9.5 ms/it)
[   25500/100000] ece_heldout=0.269 acc=0.63 (11.4 ms/it)
[   26000/100000] ece_heldout=0.276 acc=0.67 (11.3 ms/it)
[   26500/100000] ece_heldout=0.276 acc=0.65 (9.9 ms/it)
[   27000/100000] ece_heldout=0.260 acc=0.66 (9.4 ms/it)
[   27500/100000] ece_heldout=0.272 acc=0.64 (10.7 ms/it)
[   28000/100000] ece_heldout=0.272 acc=0.65 (11.1 ms/it)
[   28500/100000] ece_heldout=0.274 acc=0.66 (9.6 ms/it)
[   29000/100000] ece_heldout=0.281 acc=0.66 (9.0 ms/it)
[   29500/100000] ece_heldout=0.281 acc=0.66 (9.7 ms/it)
[   30000/100000] ece_heldout=0.281 acc=0.64 (10.4 ms/it)
[   30500/100000] ece_heldout=0.274 acc=0.66 (9.6 ms/it)
[   31000/100000] ece_heldout=0.283 acc=0.68 (9.4 ms/it)
[   31500/100000] ece_heldout=0.272 acc=0.64 (9.9 ms/it)
[   32000/100000] ece_heldout=0.282 acc=0.66 (11.2 ms/it)
[   32500/100000] ece_heldout=0.283 acc=0.66 (13.6 ms/it)
[   33000/100000] ece_heldout=0.266 acc=0.65 (10.3 ms/it)
[   33500/100000] ece_heldout=0.283 acc=0.67 (9.5 ms/it)
[   34000/100000] ece_heldout=0.271 acc=0.64 (9.3 ms/it)
[   34500/100000] ece_heldout=0.286 acc=0.67 (9.3 ms/it)
[   35000/100000] ece_heldout=0.268 acc=0.67 (9.2 ms/it)
[   35500/100000] ece_heldout=0.289 acc=0.68 (12.7 ms/it)
[   36000/100000] ece_heldout=0.271 acc=0.65 (12.0 ms/it)
[   36500/100000] ece_heldout=0.263 acc=0.66 (10.8 ms/it)
[   37000/100000] ece_heldout=0.274 acc=0.68 (11.2 ms/it)
[   37500/100000] ece_heldout=0.273 acc=0.65 (10.9 ms/it)
[   38000/100000] ece_heldout=0.291 acc=0.67 (11.5 ms/it)
[   38500/100000] ece_heldout=0.294 acc=0.66 (10.5 ms/it)
[   39000/100000] ece_heldout=0.260 acc=0.63 (12.3 ms/it)
[   39500/100000] ece_heldout=0.279 acc=0.66 (10.9 ms/it)
[   40000/100000] ece_heldout=0.271 acc=0.64 (14.0 ms/it)
[   40500/100000] ece_heldout=0.282 acc=0.66 (10.5 ms/it)
[   41000/100000] ece_heldout=0.272 acc=0.64 (10.1 ms/it)
[   41500/100000] ece_heldout=0.291 acc=0.67 (10.4 ms/it)
[   42000/100000] ece_heldout=0.270 acc=0.64 (11.1 ms/it)
[   42500/100000] ece_heldout=0.268 acc=0.65 (9.4 ms/it)
[   43000/100000] ece_heldout=0.274 acc=0.67 (10.0 ms/it)
[   43500/100000] ece_heldout=0.280 acc=0.65 (9.2 ms/it)
[   44000/100000] ece_heldout=0.280 acc=0.64 (9.6 ms/it)
[   44500/100000] ece_heldout=0.283 acc=0.65 (9.3 ms/it)
[   45000/100000] ece_heldout=0.266 acc=0.64 (9.8 ms/it)
[   45500/100000] ece_heldout=0.280 acc=0.68 (10.1 ms/it)
[   46000/100000] ece_heldout=0.272 acc=0.63 (9.8 ms/it)
[   46500/100000] ece_heldout=0.293 acc=0.66 (9.8 ms/it)
[   47000/100000] ece_heldout=0.276 acc=0.66 (10.7 ms/it)
[   47500/100000] ece_heldout=0.300 acc=0.67 (8.6 ms/it)
[   48000/100000] ece_heldout=0.280 acc=0.68 (9.0 ms/it)
budget temps atteint (600.0s) a 48113 interactions
miel phase2 : activation cible 21489/48113 (44.7%) sk>0.5
{
  "ece": 0.022942898155713046,
  "accuracy": 0.6378109866356286,
  "conf_moy": 0.6474270559601759,
  "aurc": 0.2302917144072051,
  "coverage_0p5": 0.7174360359985866,
  "n": 48113,
  "ms_per_iter": 9.950261881833482,
  "n_new": 48113,
  "cycle": 0,
  "source": "synthetique"
}
