C:\Users\Mathieu\AppData\Local\Programs\Python\Python311\Lib\site-packages\torch\nn\modules\transformer.py:392: UserWarning: enable_nested_tensor is True, but self.use_nested_tensor is False because encoder_layer.norm_first was True
  warnings.warn(
[     500/50000] ece_heldout=0.032 acc=0.15 (7.7 ms/it)
[    1000/50000] ece_heldout=0.105 acc=0.38 (8.1 ms/it)
[    1500/50000] ece_heldout=0.126 acc=0.54 (8.4 ms/it)
[    2000/50000] ece_heldout=0.166 acc=0.62 (8.4 ms/it)
[    2500/50000] ece_heldout=0.164 acc=0.62 (8.4 ms/it)
[    3000/50000] ece_heldout=0.191 acc=0.62 (9.0 ms/it)
[    3500/50000] ece_heldout=0.216 acc=0.64 (8.3 ms/it)
[    4000/50000] ece_heldout=0.214 acc=0.62 (8.3 ms/it)
[    4500/50000] ece_heldout=0.233 acc=0.64 (8.7 ms/it)
[    5000/50000] ece_heldout=0.251 acc=0.63 (8.7 ms/it)
[    5500/50000] ece_heldout=0.276 acc=0.62 (8.9 ms/it)
[    6000/50000] ece_heldout=0.282 acc=0.64 (8.8 ms/it)
[    6500/50000] ece_heldout=0.279 acc=0.64 (8.9 ms/it)
[    7000/50000] ece_heldout=0.264 acc=0.65 (8.9 ms/it)
[    7500/50000] ece_heldout=0.288 acc=0.64 (8.8 ms/it)
[    8000/50000] ece_heldout=0.294 acc=0.67 (8.3 ms/it)
[    8500/50000] ece_heldout=0.308 acc=0.64 (8.4 ms/it)
[    9000/50000] ece_heldout=0.295 acc=0.66 (8.3 ms/it)
[    9500/50000] ece_heldout=0.301 acc=0.65 (8.4 ms/it)
[   10000/50000] ece_heldout=0.311 acc=0.63 (8.3 ms/it)
[   10500/50000] ece_heldout=0.302 acc=0.67 (8.6 ms/it)
[   11000/50000] ece_heldout=0.317 acc=0.66 (8.6 ms/it)
[   11500/50000] ece_heldout=0.314 acc=0.64 (8.9 ms/it)
[   12000/50000] ece_heldout=0.325 acc=0.67 (8.4 ms/it)
[   12500/50000] ece_heldout=0.320 acc=0.65 (8.4 ms/it)
[   13000/50000] ece_heldout=0.306 acc=0.67 (8.9 ms/it)
[   13500/50000] ece_heldout=0.327 acc=0.65 (9.8 ms/it)
[   14000/50000] ece_heldout=0.321 acc=0.68 (9.0 ms/it)
[   14500/50000] ece_heldout=0.338 acc=0.63 (10.1 ms/it)
[   15000/50000] ece_heldout=0.331 acc=0.65 (8.7 ms/it)
[   15500/50000] ece_heldout=0.320 acc=0.66 (9.6 ms/it)
[   16000/50000] ece_heldout=0.338 acc=0.66 (9.4 ms/it)
[   16500/50000] ece_heldout=0.326 acc=0.67 (10.0 ms/it)
[   17000/50000] ece_heldout=0.337 acc=0.67 (9.9 ms/it)
[   17500/50000] ece_heldout=0.336 acc=0.67 (8.8 ms/it)
[   18000/50000] ece_heldout=0.341 acc=0.66 (9.8 ms/it)
[   18500/50000] ece_heldout=0.332 acc=0.67 (8.9 ms/it)
[   19000/50000] ece_heldout=0.324 acc=0.67 (8.6 ms/it)
[   19500/50000] ece_heldout=0.343 acc=0.67 (9.0 ms/it)
[   20000/50000] ece_heldout=0.336 acc=0.69 (9.3 ms/it)
[   20500/50000] ece_heldout=0.344 acc=0.67 (9.8 ms/it)
[   21000/50000] ece_heldout=0.342 acc=0.66 (8.6 ms/it)
[   21500/50000] ece_heldout=0.332 acc=0.65 (8.3 ms/it)
[   22000/50000] ece_heldout=0.343 acc=0.68 (8.4 ms/it)
[   22500/50000] ece_heldout=0.330 acc=0.68 (8.3 ms/it)
[   23000/50000] ece_heldout=0.343 acc=0.66 (8.2 ms/it)
[   23500/50000] ece_heldout=0.341 acc=0.67 (8.3 ms/it)
[   24000/50000] ece_heldout=0.338 acc=0.68 (8.2 ms/it)
[   24500/50000] ece_heldout=0.343 acc=0.67 (8.2 ms/it)
[   25000/50000] ece_heldout=0.329 acc=0.70 (8.2 ms/it)
[   25500/50000] ece_heldout=0.346 acc=0.67 (9.6 ms/it)
[   26000/50000] ece_heldout=0.340 acc=0.68 (8.3 ms/it)
[   26500/50000] ece_heldout=0.350 acc=0.67 (8.3 ms/it)
[   27000/50000] ece_heldout=0.348 acc=0.68 (9.0 ms/it)
[   27500/50000] ece_heldout=0.334 acc=0.69 (8.6 ms/it)
[   28000/50000] ece_heldout=0.352 acc=0.69 (8.3 ms/it)
[   28500/50000] ece_heldout=0.339 acc=0.68 (8.5 ms/it)
[   29000/50000] ece_heldout=0.349 acc=0.69 (8.8 ms/it)
[   29500/50000] ece_heldout=0.352 acc=0.67 (8.2 ms/it)
[   30000/50000] ece_heldout=0.349 acc=0.67 (9.1 ms/it)
[   30500/50000] ece_heldout=0.349 acc=0.68 (10.0 ms/it)
[   31000/50000] ece_heldout=0.338 acc=0.67 (9.3 ms/it)
[   31500/50000] ece_heldout=0.349 acc=0.69 (10.0 ms/it)
[   32000/50000] ece_heldout=0.352 acc=0.68 (8.5 ms/it)
[   32500/50000] ece_heldout=0.359 acc=0.67 (9.7 ms/it)
[   33000/50000] ece_heldout=0.358 acc=0.68 (9.7 ms/it)
[   33500/50000] ece_heldout=0.344 acc=0.68 (8.6 ms/it)
[   34000/50000] ece_heldout=0.361 acc=0.70 (9.8 ms/it)
[   34500/50000] ece_heldout=0.346 acc=0.69 (9.6 ms/it)
[   35000/50000] ece_heldout=0.363 acc=0.69 (9.8 ms/it)
[   35500/50000] ece_heldout=0.358 acc=0.69 (10.5 ms/it)
[   36000/50000] ece_heldout=0.356 acc=0.69 (9.2 ms/it)
[   36500/50000] ece_heldout=0.358 acc=0.69 (10.8 ms/it)
[   37000/50000] ece_heldout=0.345 acc=0.70 (9.5 ms/it)
[   37500/50000] ece_heldout=0.354 acc=0.69 (9.7 ms/it)
[   38000/50000] ece_heldout=0.358 acc=0.69 (10.3 ms/it)
[   38500/50000] ece_heldout=0.357 acc=0.68 (9.3 ms/it)
[   39000/50000] ece_heldout=0.363 acc=0.70 (11.4 ms/it)
[   39500/50000] ece_heldout=0.349 acc=0.68 (11.5 ms/it)
[   40000/50000] ece_heldout=0.364 acc=0.69 (9.3 ms/it)
[   40500/50000] ece_heldout=0.354 acc=0.68 (9.2 ms/it)
[   41000/50000] ece_heldout=0.361 acc=0.70 (9.4 ms/it)
[   41500/50000] ece_heldout=0.362 acc=0.69 (10.1 ms/it)
[   42000/50000] ece_heldout=0.359 acc=0.69 (10.3 ms/it)
[   42500/50000] ece_heldout=0.365 acc=0.70 (9.2 ms/it)
[   43000/50000] ece_heldout=0.351 acc=0.70 (9.8 ms/it)
[   43500/50000] ece_heldout=0.359 acc=0.67 (9.4 ms/it)
[   44000/50000] ece_heldout=0.363 acc=0.68 (11.9 ms/it)
[   44500/50000] ece_heldout=0.364 acc=0.68 (10.1 ms/it)
[   45000/50000] ece_heldout=0.365 acc=0.69 (9.4 ms/it)
[   45500/50000] ece_heldout=0.354 acc=0.71 (11.4 ms/it)
[   46000/50000] ece_heldout=0.366 acc=0.70 (11.5 ms/it)
[   46500/50000] ece_heldout=0.355 acc=0.70 (9.9 ms/it)
[   47000/50000] ece_heldout=0.365 acc=0.70 (12.0 ms/it)
[   47500/50000] ece_heldout=0.367 acc=0.71 (11.4 ms/it)
[   48000/50000] ece_heldout=0.367 acc=0.70 (9.1 ms/it)
[   48500/50000] ece_heldout=0.367 acc=0.69 (11.6 ms/it)
[   49000/50000] ece_heldout=0.354 acc=0.69 (11.8 ms/it)
[   49500/50000] ece_heldout=0.359 acc=0.72 (8.4 ms/it)
[   50000/50000] ece_heldout=0.369 acc=0.71 (8.5 ms/it)
{
  "ece": 0.06292197126772106,
  "accuracy": 0.66306,
  "conf_moy": 0.7150922587065012,
  "aurc": 0.22902190199924846,
  "coverage_0p5": 0.79808,
  "n": 50000,
  "ms_per_iter": 9.245765600204468,
  "n_new": 50000,
  "cycle": 0,
  "source": "synthetique"
}
