C:\Users\Mathieu\AppData\Local\Programs\Python\Python311\Lib\site-packages\torch\nn\modules\transformer.py:392: UserWarning: enable_nested_tensor is True, but self.use_nested_tensor is False because encoder_layer.norm_first was True
  warnings.warn(
[     500/100000] ece_heldout=0.158 acc=0.28 (7.5 ms/it)
[    1000/100000] ece_heldout=0.112 acc=0.50 (8.1 ms/it)
[    1500/100000] ece_heldout=0.132 acc=0.53 (7.6 ms/it)
[    2000/100000] ece_heldout=0.140 acc=0.54 (7.6 ms/it)
[    2500/100000] ece_heldout=0.153 acc=0.52 (7.6 ms/it)
[    3000/100000] ece_heldout=0.158 acc=0.53 (7.6 ms/it)
[    3500/100000] ece_heldout=0.154 acc=0.54 (7.6 ms/it)
[    4000/100000] ece_heldout=0.173 acc=0.53 (7.6 ms/it)
[    4500/100000] ece_heldout=0.172 acc=0.54 (7.5 ms/it)
[    5000/100000] ece_heldout=0.189 acc=0.55 (7.7 ms/it)
[    5500/100000] ece_heldout=0.188 acc=0.55 (7.5 ms/it)
[    6000/100000] ece_heldout=0.188 acc=0.53 (7.6 ms/it)
[    6500/100000] ece_heldout=0.185 acc=0.55 (7.5 ms/it)
[    7000/100000] ece_heldout=0.187 acc=0.54 (7.6 ms/it)
[    7500/100000] ece_heldout=0.182 acc=0.56 (7.6 ms/it)
[    8000/100000] ece_heldout=0.181 acc=0.54 (7.7 ms/it)
[    8500/100000] ece_heldout=0.182 acc=0.55 (7.7 ms/it)
[    9000/100000] ece_heldout=0.177 acc=0.54 (7.6 ms/it)
[    9500/100000] ece_heldout=0.187 acc=0.56 (7.6 ms/it)
[   10000/100000] ece_heldout=0.179 acc=0.54 (7.8 ms/it)
[   10500/100000] ece_heldout=0.182 acc=0.55 (7.7 ms/it)
[   11000/100000] ece_heldout=0.175 acc=0.57 (7.8 ms/it)
[   11500/100000] ece_heldout=0.175 acc=0.55 (9.0 ms/it)
[   12000/100000] ece_heldout=0.175 acc=0.55 (8.3 ms/it)
[   12500/100000] ece_heldout=0.172 acc=0.55 (7.7 ms/it)
[   13000/100000] ece_heldout=0.175 acc=0.55 (7.5 ms/it)
[   13500/100000] ece_heldout=0.169 acc=0.56 (7.7 ms/it)
[   14000/100000] ece_heldout=0.165 acc=0.56 (7.6 ms/it)
[   14500/100000] ece_heldout=0.157 acc=0.55 (7.9 ms/it)
[   15000/100000] ece_heldout=0.166 acc=0.55 (7.9 ms/it)
[   15500/100000] ece_heldout=0.164 acc=0.57 (7.7 ms/it)
[   16000/100000] ece_heldout=0.168 acc=0.54 (7.6 ms/it)
[   16500/100000] ece_heldout=0.164 acc=0.56 (7.6 ms/it)
[   17000/100000] ece_heldout=0.171 acc=0.56 (7.6 ms/it)
[   17500/100000] ece_heldout=0.169 acc=0.57 (7.6 ms/it)
[   18000/100000] ece_heldout=0.160 acc=0.57 (7.5 ms/it)
[   18500/100000] ece_heldout=0.169 acc=0.56 (7.6 ms/it)
[   19000/100000] ece_heldout=0.173 acc=0.57 (7.7 ms/it)
[   19500/100000] ece_heldout=0.168 acc=0.57 (7.6 ms/it)
[   20000/100000] ece_heldout=0.167 acc=0.58 (7.6 ms/it)
[   20500/100000] ece_heldout=0.164 acc=0.56 (7.6 ms/it)
[   21000/100000] ece_heldout=0.168 acc=0.56 (7.6 ms/it)
[   21500/100000] ece_heldout=0.178 acc=0.58 (7.9 ms/it)
[   22000/100000] ece_heldout=0.167 acc=0.54 (7.5 ms/it)
[   22500/100000] ece_heldout=0.164 acc=0.59 (7.7 ms/it)
[   23000/100000] ece_heldout=0.172 acc=0.59 (7.5 ms/it)
[   23500/100000] ece_heldout=0.174 acc=0.57 (7.5 ms/it)
[   24000/100000] ece_heldout=0.178 acc=0.59 (7.5 ms/it)
[   24500/100000] ece_heldout=0.179 acc=0.58 (7.6 ms/it)
[   25000/100000] ece_heldout=0.185 acc=0.57 (7.7 ms/it)
[   25500/100000] ece_heldout=0.177 acc=0.58 (7.8 ms/it)
[   26000/100000] ece_heldout=0.180 acc=0.60 (7.7 ms/it)
[   26500/100000] ece_heldout=0.178 acc=0.57 (7.7 ms/it)
[   27000/100000] ece_heldout=0.180 acc=0.58 (7.7 ms/it)
[   27500/100000] ece_heldout=0.187 acc=0.60 (7.6 ms/it)
[   28000/100000] ece_heldout=0.181 acc=0.57 (7.5 ms/it)
[   28500/100000] ece_heldout=0.180 acc=0.60 (8.0 ms/it)
[   29000/100000] ece_heldout=0.181 acc=0.59 (8.0 ms/it)
[   29500/100000] ece_heldout=0.188 acc=0.59 (7.8 ms/it)
[   30000/100000] ece_heldout=0.179 acc=0.59 (8.0 ms/it)
[   30500/100000] ece_heldout=0.189 acc=0.59 (9.0 ms/it)
[   31000/100000] ece_heldout=0.187 acc=0.58 (8.4 ms/it)
[   31500/100000] ece_heldout=0.182 acc=0.60 (7.8 ms/it)
[   32000/100000] ece_heldout=0.186 acc=0.59 (7.7 ms/it)
[   32500/100000] ece_heldout=0.172 acc=0.59 (7.7 ms/it)
[   33000/100000] ece_heldout=0.182 acc=0.60 (7.6 ms/it)
[   33500/100000] ece_heldout=0.190 acc=0.61 (7.7 ms/it)
[   34000/100000] ece_heldout=0.183 acc=0.58 (7.7 ms/it)
[   34500/100000] ece_heldout=0.186 acc=0.61 (7.7 ms/it)
[   35000/100000] ece_heldout=0.175 acc=0.60 (7.8 ms/it)
[   35500/100000] ece_heldout=0.171 acc=0.61 (8.3 ms/it)
[   36000/100000] ece_heldout=0.176 acc=0.61 (7.9 ms/it)
[   36500/100000] ece_heldout=0.189 acc=0.59 (7.6 ms/it)
[   37000/100000] ece_heldout=0.179 acc=0.61 (7.5 ms/it)
[   37500/100000] ece_heldout=0.176 acc=0.61 (7.6 ms/it)
[   38000/100000] ece_heldout=0.178 acc=0.62 (7.5 ms/it)
[   38500/100000] ece_heldout=0.176 acc=0.60 (7.7 ms/it)
[   39000/100000] ece_heldout=0.176 acc=0.61 (7.7 ms/it)
[   39500/100000] ece_heldout=0.184 acc=0.64 (7.6 ms/it)
[   40000/100000] ece_heldout=0.176 acc=0.60 (7.6 ms/it)
[   40500/100000] ece_heldout=0.179 acc=0.64 (7.6 ms/it)
[   41000/100000] ece_heldout=0.181 acc=0.61 (7.7 ms/it)
[   41500/100000] ece_heldout=0.177 acc=0.62 (7.8 ms/it)
[   42000/100000] ece_heldout=0.187 acc=0.62 (7.6 ms/it)
[   42500/100000] ece_heldout=0.187 acc=0.61 (7.7 ms/it)
[   43000/100000] ece_heldout=0.188 acc=0.61 (7.5 ms/it)
[   43500/100000] ece_heldout=0.187 acc=0.61 (7.5 ms/it)
[   44000/100000] ece_heldout=0.188 acc=0.65 (7.6 ms/it)
[   44500/100000] ece_heldout=0.193 acc=0.63 (7.6 ms/it)
[   45000/100000] ece_heldout=0.188 acc=0.62 (7.7 ms/it)
[   45500/100000] ece_heldout=0.194 acc=0.65 (7.6 ms/it)
[   46000/100000] ece_heldout=0.189 acc=0.60 (7.8 ms/it)
[   46500/100000] ece_heldout=0.189 acc=0.63 (7.7 ms/it)
[   47000/100000] ece_heldout=0.197 acc=0.63 (7.5 ms/it)
[   47500/100000] ece_heldout=0.197 acc=0.62 (7.6 ms/it)
[   48000/100000] ece_heldout=0.201 acc=0.64 (7.9 ms/it)
[   48500/100000] ece_heldout=0.199 acc=0.63 (7.7 ms/it)
[   49000/100000] ece_heldout=0.205 acc=0.63 (7.6 ms/it)
[   49500/100000] ece_heldout=0.202 acc=0.63 (8.2 ms/it)
[   50000/100000] ece_heldout=0.203 acc=0.63 (8.7 ms/it)
[   50500/100000] ece_heldout=0.206 acc=0.64 (8.7 ms/it)
[   51000/100000] ece_heldout=0.204 acc=0.63 (7.7 ms/it)
[   51500/100000] ece_heldout=0.211 acc=0.66 (7.7 ms/it)
[   52000/100000] ece_heldout=0.207 acc=0.62 (7.6 ms/it)
[   52500/100000] ece_heldout=0.206 acc=0.65 (7.6 ms/it)
[   53000/100000] ece_heldout=0.213 acc=0.65 (7.6 ms/it)
[   53500/100000] ece_heldout=0.212 acc=0.65 (7.6 ms/it)
[   54000/100000] ece_heldout=0.213 acc=0.64 (7.6 ms/it)
[   54500/100000] ece_heldout=0.213 acc=0.64 (7.9 ms/it)
[   55000/100000] ece_heldout=0.216 acc=0.67 (7.5 ms/it)
[   55500/100000] ece_heldout=0.218 acc=0.65 (7.6 ms/it)
[   56000/100000] ece_heldout=0.219 acc=0.65 (7.6 ms/it)
[   56500/100000] ece_heldout=0.221 acc=0.63 (7.5 ms/it)
[   57000/100000] ece_heldout=0.219 acc=0.64 (7.7 ms/it)
[   57500/100000] ece_heldout=0.223 acc=0.66 (7.6 ms/it)
[   58000/100000] ece_heldout=0.221 acc=0.64 (7.7 ms/it)
[   58500/100000] ece_heldout=0.223 acc=0.67 (7.7 ms/it)
[   59000/100000] ece_heldout=0.227 acc=0.65 (7.6 ms/it)
[   59500/100000] ece_heldout=0.227 acc=0.66 (7.5 ms/it)
[   60000/100000] ece_heldout=0.229 acc=0.68 (7.6 ms/it)
[   60500/100000] ece_heldout=0.228 acc=0.65 (7.6 ms/it)
[   61000/100000] ece_heldout=0.230 acc=0.66 (7.7 ms/it)
[   61500/100000] ece_heldout=0.233 acc=0.66 (7.8 ms/it)
[   62000/100000] ece_heldout=0.233 acc=0.67 (7.6 ms/it)
[   62500/100000] ece_heldout=0.236 acc=0.65 (7.7 ms/it)
[   63000/100000] ece_heldout=0.234 acc=0.66 (8.0 ms/it)
[   63500/100000] ece_heldout=0.239 acc=0.68 (7.6 ms/it)
[   64000/100000] ece_heldout=0.236 acc=0.66 (7.5 ms/it)
[   64500/100000] ece_heldout=0.241 acc=0.66 (7.6 ms/it)
[   65000/100000] ece_heldout=0.244 acc=0.67 (7.6 ms/it)
budget temps atteint (600.0s) a 65161 interactions
{
  "ece": 0.03754179979191819,
  "accuracy": 0.5960313684565921,
  "conf_moy": 0.5787751838478566,
  "aurc": 0.11402013414807424,
  "coverage_0p5": 0.5322969260754132,
  "n": 65161,
  "ms_per_iter": 7.715351986505642,
  "n_new": 65161,
  "cycle": 0,
  "source": "synthetique"
}
