C:\Users\Mathieu\AppData\Local\Programs\Python\Python311\Lib\site-packages\torch\nn\modules\transformer.py:392: UserWarning: enable_nested_tensor is True, but self.use_nested_tensor is False because encoder_layer.norm_first was True
  warnings.warn(
[     500/100000] ece_heldout=0.080 acc=0.19 (9.8 ms/it)
[    1000/100000] ece_heldout=0.128 acc=0.38 (8.2 ms/it)
[    1500/100000] ece_heldout=0.154 acc=0.54 (8.2 ms/it)
[    2000/100000] ece_heldout=0.173 acc=0.62 (8.2 ms/it)
[    2500/100000] ece_heldout=0.208 acc=0.62 (8.2 ms/it)
[    3000/100000] ece_heldout=0.226 acc=0.64 (8.3 ms/it)
[    3500/100000] ece_heldout=0.250 acc=0.63 (8.3 ms/it)
[    4000/100000] ece_heldout=0.269 acc=0.68 (8.2 ms/it)
[    4500/100000] ece_heldout=0.266 acc=0.64 (8.2 ms/it)
[    5000/100000] ece_heldout=0.284 acc=0.67 (8.2 ms/it)
[    5500/100000] ece_heldout=0.302 acc=0.64 (8.2 ms/it)
[    6000/100000] ece_heldout=0.312 acc=0.62 (8.2 ms/it)
[    6500/100000] ece_heldout=0.313 acc=0.64 (8.6 ms/it)
[    7000/100000] ece_heldout=0.328 acc=0.66 (8.5 ms/it)
[    7500/100000] ece_heldout=0.328 acc=0.68 (8.3 ms/it)
[    8000/100000] ece_heldout=0.337 acc=0.66 (8.4 ms/it)
[    8500/100000] ece_heldout=0.343 acc=0.64 (8.5 ms/it)
[    9000/100000] ece_heldout=0.340 acc=0.65 (8.6 ms/it)
[    9500/100000] ece_heldout=0.350 acc=0.67 (8.7 ms/it)
[   10000/100000] ece_heldout=0.350 acc=0.69 (8.2 ms/it)
[   10500/100000] ece_heldout=0.352 acc=0.64 (8.3 ms/it)
[   11000/100000] ece_heldout=0.354 acc=0.64 (8.2 ms/it)
[   11500/100000] ece_heldout=0.363 acc=0.67 (8.3 ms/it)
[   12000/100000] ece_heldout=0.357 acc=0.65 (8.1 ms/it)
[   12500/100000] ece_heldout=0.358 acc=0.66 (8.4 ms/it)
[   13000/100000] ece_heldout=0.359 acc=0.65 (8.2 ms/it)
[   13500/100000] ece_heldout=0.354 acc=0.66 (8.2 ms/it)
[   14000/100000] ece_heldout=0.362 acc=0.66 (8.1 ms/it)
[   14500/100000] ece_heldout=0.368 acc=0.63 (8.4 ms/it)
[   15000/100000] ece_heldout=0.362 acc=0.67 (8.6 ms/it)
[   15500/100000] ece_heldout=0.372 acc=0.67 (8.2 ms/it)
[   16000/100000] ece_heldout=0.364 acc=0.67 (8.2 ms/it)
[   16500/100000] ece_heldout=0.368 acc=0.66 (8.2 ms/it)
[   17000/100000] ece_heldout=0.375 acc=0.68 (8.3 ms/it)
[   17500/100000] ece_heldout=0.369 acc=0.67 (8.3 ms/it)
[   18000/100000] ece_heldout=0.369 acc=0.65 (9.2 ms/it)
[   18500/100000] ece_heldout=0.372 acc=0.67 (9.6 ms/it)
[   19000/100000] ece_heldout=0.373 acc=0.66 (8.5 ms/it)
[   19500/100000] ece_heldout=0.364 acc=0.67 (8.3 ms/it)
[   20000/100000] ece_heldout=0.376 acc=0.69 (8.2 ms/it)
[   20500/100000] ece_heldout=0.375 acc=0.66 (8.2 ms/it)
[   21000/100000] ece_heldout=0.370 acc=0.68 (8.1 ms/it)
[   21500/100000] ece_heldout=0.381 acc=0.65 (8.1 ms/it)
[   22000/100000] ece_heldout=0.375 acc=0.67 (8.1 ms/it)
[   22500/100000] ece_heldout=0.378 acc=0.65 (8.3 ms/it)
[   23000/100000] ece_heldout=0.375 acc=0.70 (8.3 ms/it)
[   23500/100000] ece_heldout=0.373 acc=0.69 (8.2 ms/it)
[   24000/100000] ece_heldout=0.376 acc=0.68 (8.2 ms/it)
[   24500/100000] ece_heldout=0.379 acc=0.70 (8.2 ms/it)
[   25000/100000] ece_heldout=0.377 acc=0.67 (8.2 ms/it)
[   25500/100000] ece_heldout=0.371 acc=0.67 (8.4 ms/it)
[   26000/100000] ece_heldout=0.372 acc=0.67 (8.3 ms/it)
[   26500/100000] ece_heldout=0.383 acc=0.66 (8.6 ms/it)
[   27000/100000] ece_heldout=0.378 acc=0.69 (8.1 ms/it)
[   27500/100000] ece_heldout=0.382 acc=0.67 (8.3 ms/it)
[   28000/100000] ece_heldout=0.369 acc=0.69 (8.2 ms/it)
[   28500/100000] ece_heldout=0.380 acc=0.66 (8.1 ms/it)
[   29000/100000] ece_heldout=0.382 acc=0.68 (8.0 ms/it)
[   29500/100000] ece_heldout=0.372 acc=0.68 (8.1 ms/it)
[   30000/100000] ece_heldout=0.373 acc=0.66 (8.1 ms/it)
[   30500/100000] ece_heldout=0.377 acc=0.68 (8.3 ms/it)
[   31000/100000] ece_heldout=0.381 acc=0.67 (8.1 ms/it)
[   31500/100000] ece_heldout=0.370 acc=0.67 (8.1 ms/it)
[   32000/100000] ece_heldout=0.378 acc=0.70 (8.2 ms/it)
[   32500/100000] ece_heldout=0.381 acc=0.67 (8.2 ms/it)
[   33000/100000] ece_heldout=0.382 acc=0.70 (8.0 ms/it)
[   33500/100000] ece_heldout=0.383 acc=0.67 (8.0 ms/it)
[   34000/100000] ece_heldout=0.380 acc=0.69 (8.0 ms/it)
[   34500/100000] ece_heldout=0.378 acc=0.67 (8.0 ms/it)
[   35000/100000] ece_heldout=0.382 acc=0.69 (8.0 ms/it)
[   35500/100000] ece_heldout=0.374 acc=0.68 (8.0 ms/it)
[   36000/100000] ece_heldout=0.370 acc=0.67 (8.2 ms/it)
[   36500/100000] ece_heldout=0.389 acc=0.71 (9.5 ms/it)
[   37000/100000] ece_heldout=0.384 acc=0.70 (8.7 ms/it)
[   37500/100000] ece_heldout=0.374 acc=0.69 (8.0 ms/it)
[   38000/100000] ece_heldout=0.373 acc=0.69 (8.2 ms/it)
[   38500/100000] ece_heldout=0.388 acc=0.67 (8.1 ms/it)
[   39000/100000] ece_heldout=0.383 acc=0.70 (8.1 ms/it)
[   39500/100000] ece_heldout=0.386 acc=0.69 (8.0 ms/it)
[   40000/100000] ece_heldout=0.389 acc=0.72 (8.0 ms/it)
[   40500/100000] ece_heldout=0.382 acc=0.68 (8.4 ms/it)
[   41000/100000] ece_heldout=0.389 acc=0.70 (8.1 ms/it)
[   41500/100000] ece_heldout=0.382 acc=0.69 (8.1 ms/it)
[   42000/100000] ece_heldout=0.381 acc=0.69 (8.1 ms/it)
[   42500/100000] ece_heldout=0.387 acc=0.70 (8.0 ms/it)
[   43000/100000] ece_heldout=0.384 acc=0.69 (8.1 ms/it)
[   43500/100000] ece_heldout=0.380 acc=0.69 (8.0 ms/it)
[   44000/100000] ece_heldout=0.381 acc=0.68 (8.2 ms/it)
[   44500/100000] ece_heldout=0.386 acc=0.68 (8.5 ms/it)
[   45000/100000] ece_heldout=0.388 acc=0.71 (8.2 ms/it)
[   45500/100000] ece_heldout=0.391 acc=0.69 (8.1 ms/it)
[   46000/100000] ece_heldout=0.387 acc=0.73 (8.1 ms/it)
[   46500/100000] ece_heldout=0.387 acc=0.67 (8.1 ms/it)
[   47000/100000] ece_heldout=0.395 acc=0.72 (8.1 ms/it)
[   47500/100000] ece_heldout=0.385 acc=0.72 (8.0 ms/it)
[   48000/100000] ece_heldout=0.380 acc=0.67 (8.1 ms/it)
[   48500/100000] ece_heldout=0.393 acc=0.71 (8.0 ms/it)
[   49000/100000] ece_heldout=0.389 acc=0.72 (7.9 ms/it)
[   49500/100000] ece_heldout=0.386 acc=0.71 (8.0 ms/it)
[   50000/100000] ece_heldout=0.381 acc=0.71 (8.1 ms/it)
[   50500/100000] ece_heldout=0.391 acc=0.71 (8.1 ms/it)
[   51000/100000] ece_heldout=0.387 acc=0.72 (8.2 ms/it)
[   51500/100000] ece_heldout=0.392 acc=0.70 (8.1 ms/it)
[   52000/100000] ece_heldout=0.389 acc=0.73 (8.1 ms/it)
[   52500/100000] ece_heldout=0.382 acc=0.69 (8.0 ms/it)
[   53000/100000] ece_heldout=0.385 acc=0.71 (8.0 ms/it)
[   53500/100000] ece_heldout=0.387 acc=0.69 (8.5 ms/it)
[   54000/100000] ece_heldout=0.382 acc=0.69 (8.5 ms/it)
[   54500/100000] ece_heldout=0.396 acc=0.69 (8.4 ms/it)
[   55000/100000] ece_heldout=0.394 acc=0.73 (9.8 ms/it)
[   55500/100000] ece_heldout=0.387 acc=0.72 (9.2 ms/it)
[   56000/100000] ece_heldout=0.389 acc=0.68 (8.1 ms/it)
[   56500/100000] ece_heldout=0.394 acc=0.70 (8.1 ms/it)
[   57000/100000] ece_heldout=0.389 acc=0.71 (8.0 ms/it)
[   57500/100000] ece_heldout=0.390 acc=0.71 (8.2 ms/it)
[   58000/100000] ece_heldout=0.392 acc=0.72 (8.0 ms/it)
[   58500/100000] ece_heldout=0.393 acc=0.71 (8.1 ms/it)
[   59000/100000] ece_heldout=0.394 acc=0.72 (8.1 ms/it)
[   59500/100000] ece_heldout=0.390 acc=0.70 (8.1 ms/it)
[   60000/100000] ece_heldout=0.392 acc=0.69 (8.3 ms/it)
[   60500/100000] ece_heldout=0.395 acc=0.71 (8.4 ms/it)
[   61000/100000] ece_heldout=0.396 acc=0.73 (8.3 ms/it)
budget temps atteint (600.0s) a 61143 interactions
{
  "ece": 0.05928506335618682,
  "accuracy": 0.6735194543937981,
  "conf_moy": 0.7253355337120698,
  "aurc": 0.22161743248469706,
  "coverage_0p5": 0.8147130497358651,
  "n": 61143,
  "ms_per_iter": 8.26342843663417,
  "n_new": 61143,
  "cycle": 0,
  "source": "synthetique"
}
