C:\Users\Mathieu\AppData\Local\Programs\Python\Python311\Lib\site-packages\torch\nn\modules\transformer.py:392: UserWarning: enable_nested_tensor is True, but self.use_nested_tensor is False because encoder_layer.norm_first was True
  warnings.warn(
[     500/100000] ece_heldout=0.048 acc=0.13 (9.9 ms/it)
[    1000/100000] ece_heldout=0.113 acc=0.32 (8.3 ms/it)
[    1500/100000] ece_heldout=0.127 acc=0.40 (8.2 ms/it)
[    2000/100000] ece_heldout=0.158 acc=0.51 (8.2 ms/it)
[    2500/100000] ece_heldout=0.163 acc=0.57 (8.4 ms/it)
[    3000/100000] ece_heldout=0.166 acc=0.57 (8.4 ms/it)
[    3500/100000] ece_heldout=0.172 acc=0.64 (8.2 ms/it)
[    4000/100000] ece_heldout=0.190 acc=0.59 (8.2 ms/it)
[    4500/100000] ece_heldout=0.196 acc=0.62 (8.5 ms/it)
[    5000/100000] ece_heldout=0.193 acc=0.64 (8.3 ms/it)
[    5500/100000] ece_heldout=0.211 acc=0.62 (8.2 ms/it)
[    6000/100000] ece_heldout=0.202 acc=0.64 (8.6 ms/it)
[    6500/100000] ece_heldout=0.215 acc=0.61 (8.4 ms/it)
[    7000/100000] ece_heldout=0.213 acc=0.61 (8.4 ms/it)
[    7500/100000] ece_heldout=0.224 acc=0.65 (8.7 ms/it)
[    8000/100000] ece_heldout=0.228 acc=0.65 (8.5 ms/it)
[    8500/100000] ece_heldout=0.223 acc=0.65 (8.7 ms/it)
[    9000/100000] ece_heldout=0.229 acc=0.60 (8.7 ms/it)
[    9500/100000] ece_heldout=0.229 acc=0.64 (8.4 ms/it)
[   10000/100000] ece_heldout=0.243 acc=0.61 (8.4 ms/it)
[   10500/100000] ece_heldout=0.241 acc=0.65 (8.3 ms/it)
[   11000/100000] ece_heldout=0.225 acc=0.63 (8.3 ms/it)
[   11500/100000] ece_heldout=0.244 acc=0.61 (8.3 ms/it)
[   12000/100000] ece_heldout=0.235 acc=0.67 (8.5 ms/it)
[   12500/100000] ece_heldout=0.242 acc=0.62 (8.3 ms/it)
[   13000/100000] ece_heldout=0.238 acc=0.65 (8.2 ms/it)
[   13500/100000] ece_heldout=0.242 acc=0.63 (8.5 ms/it)
[   14000/100000] ece_heldout=0.252 acc=0.63 (8.8 ms/it)
[   14500/100000] ece_heldout=0.251 acc=0.65 (8.3 ms/it)
[   15000/100000] ece_heldout=0.249 acc=0.62 (8.3 ms/it)
[   15500/100000] ece_heldout=0.251 acc=0.66 (8.2 ms/it)
[   16000/100000] ece_heldout=0.251 acc=0.62 (8.3 ms/it)
[   16500/100000] ece_heldout=0.262 acc=0.65 (8.4 ms/it)
[   17000/100000] ece_heldout=0.244 acc=0.64 (9.6 ms/it)
[   17500/100000] ece_heldout=0.256 acc=0.64 (9.4 ms/it)
[   18000/100000] ece_heldout=0.248 acc=0.67 (8.6 ms/it)
[   18500/100000] ece_heldout=0.252 acc=0.62 (8.3 ms/it)
[   19000/100000] ece_heldout=0.247 acc=0.64 (8.2 ms/it)
[   19500/100000] ece_heldout=0.239 acc=0.62 (8.3 ms/it)
[   20000/100000] ece_heldout=0.267 acc=0.63 (8.3 ms/it)
[   20500/100000] ece_heldout=0.258 acc=0.65 (8.2 ms/it)
[   21000/100000] ece_heldout=0.257 acc=0.61 (8.2 ms/it)
[   21500/100000] ece_heldout=0.262 acc=0.65 (8.3 ms/it)
[   22000/100000] ece_heldout=0.259 acc=0.61 (8.3 ms/it)
[   22500/100000] ece_heldout=0.259 acc=0.63 (8.2 ms/it)
[   23000/100000] ece_heldout=0.252 acc=0.64 (8.2 ms/it)
[   23500/100000] ece_heldout=0.271 acc=0.62 (8.4 ms/it)
[   24000/100000] ece_heldout=0.256 acc=0.66 (8.5 ms/it)
[   24500/100000] ece_heldout=0.260 acc=0.60 (8.3 ms/it)
[   25000/100000] ece_heldout=0.254 acc=0.64 (8.6 ms/it)
[   25500/100000] ece_heldout=0.253 acc=0.62 (8.1 ms/it)
[   26000/100000] ece_heldout=0.272 acc=0.63 (8.5 ms/it)
[   26500/100000] ece_heldout=0.266 acc=0.65 (8.1 ms/it)
[   27000/100000] ece_heldout=0.263 acc=0.61 (8.0 ms/it)
[   27500/100000] ece_heldout=0.274 acc=0.67 (8.0 ms/it)
[   28000/100000] ece_heldout=0.268 acc=0.58 (8.1 ms/it)
[   28500/100000] ece_heldout=0.267 acc=0.63 (8.1 ms/it)
[   29000/100000] ece_heldout=0.259 acc=0.63 (8.3 ms/it)
[   29500/100000] ece_heldout=0.268 acc=0.62 (8.0 ms/it)
[   30000/100000] ece_heldout=0.266 acc=0.63 (8.3 ms/it)
[   30500/100000] ece_heldout=0.268 acc=0.62 (8.1 ms/it)
[   31000/100000] ece_heldout=0.255 acc=0.63 (8.2 ms/it)
[   31500/100000] ece_heldout=0.264 acc=0.64 (8.0 ms/it)
[   32000/100000] ece_heldout=0.273 acc=0.62 (8.1 ms/it)
[   32500/100000] ece_heldout=0.267 acc=0.63 (8.1 ms/it)
[   33000/100000] ece_heldout=0.262 acc=0.63 (8.2 ms/it)
[   33500/100000] ece_heldout=0.279 acc=0.65 (8.1 ms/it)
[   34000/100000] ece_heldout=0.264 acc=0.59 (9.0 ms/it)
[   34500/100000] ece_heldout=0.268 acc=0.63 (9.5 ms/it)
[   35000/100000] ece_heldout=0.257 acc=0.64 (8.5 ms/it)
[   35500/100000] ece_heldout=0.269 acc=0.61 (8.2 ms/it)
[   36000/100000] ece_heldout=0.270 acc=0.66 (8.2 ms/it)
[   36500/100000] ece_heldout=0.265 acc=0.61 (8.2 ms/it)
[   37000/100000] ece_heldout=0.261 acc=0.64 (8.1 ms/it)
[   37500/100000] ece_heldout=0.266 acc=0.64 (8.1 ms/it)
[   38000/100000] ece_heldout=0.276 acc=0.64 (8.3 ms/it)
[   38500/100000] ece_heldout=0.274 acc=0.63 (8.2 ms/it)
[   39000/100000] ece_heldout=0.268 acc=0.61 (8.3 ms/it)
[   39500/100000] ece_heldout=0.277 acc=0.64 (8.1 ms/it)
[   40000/100000] ece_heldout=0.272 acc=0.63 (8.0 ms/it)
[   40500/100000] ece_heldout=0.285 acc=0.62 (8.2 ms/it)
[   41000/100000] ece_heldout=0.265 acc=0.63 (8.1 ms/it)
[   41500/100000] ece_heldout=0.270 acc=0.64 (8.4 ms/it)
[   42000/100000] ece_heldout=0.279 acc=0.65 (8.7 ms/it)
[   42500/100000] ece_heldout=0.274 acc=0.62 (8.1 ms/it)
[   43000/100000] ece_heldout=0.264 acc=0.63 (8.1 ms/it)
[   43500/100000] ece_heldout=0.265 acc=0.62 (8.0 ms/it)
[   44000/100000] ece_heldout=0.277 acc=0.63 (8.2 ms/it)
[   44500/100000] ece_heldout=0.278 acc=0.64 (8.1 ms/it)
[   45000/100000] ece_heldout=0.274 acc=0.61 (8.2 ms/it)
[   45500/100000] ece_heldout=0.280 acc=0.66 (8.1 ms/it)
[   46000/100000] ece_heldout=0.276 acc=0.62 (8.0 ms/it)
[   46500/100000] ece_heldout=0.278 acc=0.64 (8.3 ms/it)
[   47000/100000] ece_heldout=0.273 acc=0.67 (8.1 ms/it)
[   47500/100000] ece_heldout=0.280 acc=0.62 (8.1 ms/it)
[   48000/100000] ece_heldout=0.280 acc=0.66 (8.2 ms/it)
[   48500/100000] ece_heldout=0.278 acc=0.61 (8.1 ms/it)
[   49000/100000] ece_heldout=0.274 acc=0.65 (8.0 ms/it)
[   49500/100000] ece_heldout=0.274 acc=0.67 (8.0 ms/it)
[   50000/100000] ece_heldout=0.282 acc=0.63 (8.2 ms/it)
[   50500/100000] ece_heldout=0.279 acc=0.67 (8.4 ms/it)
[   51000/100000] ece_heldout=0.279 acc=0.62 (8.4 ms/it)
[   51500/100000] ece_heldout=0.285 acc=0.67 (9.5 ms/it)
[   52000/100000] ece_heldout=0.287 acc=0.62 (9.6 ms/it)
[   52500/100000] ece_heldout=0.288 acc=0.64 (8.2 ms/it)
[   53000/100000] ece_heldout=0.278 acc=0.65 (8.1 ms/it)
[   53500/100000] ece_heldout=0.276 acc=0.64 (8.1 ms/it)
[   54000/100000] ece_heldout=0.282 acc=0.66 (8.3 ms/it)
[   54500/100000] ece_heldout=0.280 acc=0.63 (8.1 ms/it)
[   55000/100000] ece_heldout=0.279 acc=0.66 (8.2 ms/it)
[   55500/100000] ece_heldout=0.279 acc=0.66 (8.2 ms/it)
[   56000/100000] ece_heldout=0.286 acc=0.65 (8.1 ms/it)
[   56500/100000] ece_heldout=0.283 acc=0.68 (8.4 ms/it)
[   57000/100000] ece_heldout=0.291 acc=0.61 (8.2 ms/it)
budget temps atteint (600.0s) a 57479 interactions
miel phase2 : activation cible 25433/57479 (44.2%) sk>0.5
{
  "ece": 0.03236176598229501,
  "accuracy": 0.6231667217592513,
  "conf_moy": 0.6452713151182111,
  "aurc": 0.24560104550904435,
  "coverage_0p5": 0.7207849823413769,
  "n": 57479,
  "ms_per_iter": 8.328959742722136,
  "n_new": 57479,
  "cycle": 0,
  "source": "synthetique"
}
