C:\Users\Mathieu\AppData\Local\Programs\Python\Python311\Lib\site-packages\torch\nn\modules\transformer.py:392: UserWarning: enable_nested_tensor is True, but self.use_nested_tensor is False because encoder_layer.norm_first was True
  warnings.warn(
[     500/100000] ece_heldout=0.049 acc=0.15 (8.0 ms/it)
[    1000/100000] ece_heldout=0.103 acc=0.31 (8.1 ms/it)
[    1500/100000] ece_heldout=0.166 acc=0.45 (8.1 ms/it)
[    2000/100000] ece_heldout=0.185 acc=0.53 (8.1 ms/it)
[    2500/100000] ece_heldout=0.210 acc=0.56 (8.2 ms/it)
[    3000/100000] ece_heldout=0.223 acc=0.58 (8.1 ms/it)
[    3500/100000] ece_heldout=0.236 acc=0.63 (8.2 ms/it)
[    4000/100000] ece_heldout=0.242 acc=0.62 (8.2 ms/it)
[    4500/100000] ece_heldout=0.264 acc=0.63 (8.1 ms/it)
[    5000/100000] ece_heldout=0.289 acc=0.61 (8.1 ms/it)
[    5500/100000] ece_heldout=0.286 acc=0.60 (8.1 ms/it)
[    6000/100000] ece_heldout=0.304 acc=0.62 (8.2 ms/it)
[    6500/100000] ece_heldout=0.291 acc=0.62 (8.0 ms/it)
[    7000/100000] ece_heldout=0.317 acc=0.62 (8.2 ms/it)
[    7500/100000] ece_heldout=0.313 acc=0.64 (8.2 ms/it)
[    8000/100000] ece_heldout=0.315 acc=0.63 (8.1 ms/it)
[    8500/100000] ece_heldout=0.335 acc=0.59 (8.0 ms/it)
[    9000/100000] ece_heldout=0.335 acc=0.63 (8.2 ms/it)
[    9500/100000] ece_heldout=0.334 acc=0.64 (8.0 ms/it)
[   10000/100000] ece_heldout=0.333 acc=0.61 (8.1 ms/it)
[   10500/100000] ece_heldout=0.347 acc=0.62 (8.1 ms/it)
[   11000/100000] ece_heldout=0.343 acc=0.63 (9.2 ms/it)
[   11500/100000] ece_heldout=0.340 acc=0.62 (9.6 ms/it)
[   12000/100000] ece_heldout=0.358 acc=0.61 (8.2 ms/it)
[   12500/100000] ece_heldout=0.346 acc=0.62 (8.1 ms/it)
[   13000/100000] ece_heldout=0.357 acc=0.63 (8.2 ms/it)
[   13500/100000] ece_heldout=0.355 acc=0.64 (8.1 ms/it)
[   14000/100000] ece_heldout=0.353 acc=0.65 (8.0 ms/it)
[   14500/100000] ece_heldout=0.358 acc=0.61 (8.5 ms/it)
[   15000/100000] ece_heldout=0.354 acc=0.63 (8.3 ms/it)
[   15500/100000] ece_heldout=0.362 acc=0.63 (8.2 ms/it)
[   16000/100000] ece_heldout=0.366 acc=0.67 (8.1 ms/it)
[   16500/100000] ece_heldout=0.370 acc=0.62 (8.1 ms/it)
[   17000/100000] ece_heldout=0.363 acc=0.63 (8.1 ms/it)
[   17500/100000] ece_heldout=0.364 acc=0.62 (8.2 ms/it)
[   18000/100000] ece_heldout=0.380 acc=0.62 (8.3 ms/it)
[   18500/100000] ece_heldout=0.371 acc=0.65 (8.3 ms/it)
[   19000/100000] ece_heldout=0.369 acc=0.64 (8.3 ms/it)
[   19500/100000] ece_heldout=0.380 acc=0.64 (8.2 ms/it)
[   20000/100000] ece_heldout=0.366 acc=0.63 (8.2 ms/it)
[   20500/100000] ece_heldout=0.373 acc=0.62 (8.3 ms/it)
[   21000/100000] ece_heldout=0.369 acc=0.63 (8.2 ms/it)
[   21500/100000] ece_heldout=0.372 acc=0.66 (8.3 ms/it)
[   22000/100000] ece_heldout=0.378 acc=0.65 (8.2 ms/it)
[   22500/100000] ece_heldout=0.375 acc=0.65 (8.1 ms/it)
[   23000/100000] ece_heldout=0.380 acc=0.66 (8.1 ms/it)
[   23500/100000] ece_heldout=0.371 acc=0.64 (8.6 ms/it)
[   24000/100000] ece_heldout=0.382 acc=0.65 (8.2 ms/it)
[   24500/100000] ece_heldout=0.382 acc=0.63 (8.3 ms/it)
[   25000/100000] ece_heldout=0.370 acc=0.64 (8.2 ms/it)
[   25500/100000] ece_heldout=0.393 acc=0.65 (8.0 ms/it)
[   26000/100000] ece_heldout=0.383 acc=0.65 (8.2 ms/it)
[   26500/100000] ece_heldout=0.382 acc=0.65 (8.1 ms/it)
[   27000/100000] ece_heldout=0.377 acc=0.63 (8.3 ms/it)
[   27500/100000] ece_heldout=0.376 acc=0.64 (8.2 ms/it)
[   28000/100000] ece_heldout=0.381 acc=0.66 (8.2 ms/it)
[   28500/100000] ece_heldout=0.384 acc=0.65 (9.2 ms/it)
[   29000/100000] ece_heldout=0.387 acc=0.67 (9.3 ms/it)
[   29500/100000] ece_heldout=0.382 acc=0.64 (8.2 ms/it)
[   30000/100000] ece_heldout=0.389 acc=0.65 (8.3 ms/it)
[   30500/100000] ece_heldout=0.389 acc=0.65 (8.2 ms/it)
[   31000/100000] ece_heldout=0.380 acc=0.65 (8.0 ms/it)
[   31500/100000] ece_heldout=0.394 acc=0.66 (8.1 ms/it)
[   32000/100000] ece_heldout=0.384 acc=0.63 (8.1 ms/it)
[   32500/100000] ece_heldout=0.394 acc=0.63 (8.7 ms/it)
[   33000/100000] ece_heldout=0.393 acc=0.63 (8.5 ms/it)
[   33500/100000] ece_heldout=0.387 acc=0.62 (8.1 ms/it)
[   34000/100000] ece_heldout=0.387 acc=0.67 (8.2 ms/it)
[   34500/100000] ece_heldout=0.390 acc=0.65 (8.1 ms/it)
[   35000/100000] ece_heldout=0.395 acc=0.66 (8.2 ms/it)
[   35500/100000] ece_heldout=0.390 acc=0.63 (8.7 ms/it)
[   36000/100000] ece_heldout=0.401 acc=0.67 (8.1 ms/it)
[   36500/100000] ece_heldout=0.391 acc=0.65 (8.2 ms/it)
[   37000/100000] ece_heldout=0.393 acc=0.63 (8.3 ms/it)
[   37500/100000] ece_heldout=0.403 acc=0.67 (8.2 ms/it)
[   38000/100000] ece_heldout=0.389 acc=0.66 (8.3 ms/it)
[   38500/100000] ece_heldout=0.400 acc=0.64 (8.1 ms/it)
[   39000/100000] ece_heldout=0.390 acc=0.66 (8.3 ms/it)
[   39500/100000] ece_heldout=0.399 acc=0.63 (8.2 ms/it)
[   40000/100000] ece_heldout=0.393 acc=0.67 (8.1 ms/it)
[   40500/100000] ece_heldout=0.391 acc=0.65 (8.1 ms/it)
[   41000/100000] ece_heldout=0.405 acc=0.68 (8.1 ms/it)
[   41500/100000] ece_heldout=0.400 acc=0.65 (8.3 ms/it)
[   42000/100000] ece_heldout=0.400 acc=0.64 (8.3 ms/it)
[   42500/100000] ece_heldout=0.388 acc=0.65 (8.2 ms/it)
[   43000/100000] ece_heldout=0.397 acc=0.65 (8.1 ms/it)
[   43500/100000] ece_heldout=0.407 acc=0.65 (8.3 ms/it)
[   44000/100000] ece_heldout=0.401 acc=0.64 (8.1 ms/it)
[   44500/100000] ece_heldout=0.411 acc=0.64 (8.2 ms/it)
[   45000/100000] ece_heldout=0.391 acc=0.64 (8.2 ms/it)
[   45500/100000] ece_heldout=0.398 acc=0.65 (8.4 ms/it)
[   46000/100000] ece_heldout=0.400 acc=0.68 (9.6 ms/it)
[   46500/100000] ece_heldout=0.397 acc=0.62 (9.0 ms/it)
[   47000/100000] ece_heldout=0.407 acc=0.67 (8.1 ms/it)
[   47500/100000] ece_heldout=0.398 acc=0.66 (8.5 ms/it)
[   48000/100000] ece_heldout=0.399 acc=0.64 (8.3 ms/it)
[   48500/100000] ece_heldout=0.391 acc=0.65 (8.1 ms/it)
[   49000/100000] ece_heldout=0.401 acc=0.66 (8.1 ms/it)
[   49500/100000] ece_heldout=0.414 acc=0.68 (8.0 ms/it)
[   50000/100000] ece_heldout=0.403 acc=0.67 (8.1 ms/it)
[   50500/100000] ece_heldout=0.414 acc=0.66 (8.3 ms/it)
[   51000/100000] ece_heldout=0.402 acc=0.64 (8.1 ms/it)
[   51500/100000] ece_heldout=0.406 acc=0.64 (8.2 ms/it)
[   52000/100000] ece_heldout=0.400 acc=0.67 (8.1 ms/it)
[   52500/100000] ece_heldout=0.400 acc=0.65 (8.1 ms/it)
[   53000/100000] ece_heldout=0.409 acc=0.66 (8.2 ms/it)
[   53500/100000] ece_heldout=0.403 acc=0.65 (8.1 ms/it)
[   54000/100000] ece_heldout=0.404 acc=0.67 (8.2 ms/it)
[   54500/100000] ece_heldout=0.403 acc=0.65 (8.1 ms/it)
[   55000/100000] ece_heldout=0.406 acc=0.67 (8.2 ms/it)
[   55500/100000] ece_heldout=0.411 acc=0.68 (8.1 ms/it)
[   56000/100000] ece_heldout=0.398 acc=0.67 (8.1 ms/it)
[   56500/100000] ece_heldout=0.409 acc=0.65 (8.2 ms/it)
[   57000/100000] ece_heldout=0.401 acc=0.65 (8.1 ms/it)
[   57500/100000] ece_heldout=0.407 acc=0.64 (8.1 ms/it)
[   58000/100000] ece_heldout=0.396 acc=0.66 (9.3 ms/it)
budget temps atteint (600.0s) a 58000 interactions
miel phase2 : activation cible 25384/58000 (43.8%) sk>0.5
{
  "ece": 0.03113824063115173,
  "accuracy": 0.6322931034482758,
  "conf_moy": 0.6491747041725242,
  "aurc": 0.2408429913332317,
  "coverage_0p5": 0.724,
  "n": 58000,
  "ms_per_iter": 8.252706938776477,
  "n_new": 58000,
  "cycle": 0,
  "source": "synthetique"
}
