C:\Users\Mathieu\AppData\Local\Programs\Python\Python311\Lib\site-packages\torch\nn\modules\transformer.py:392: UserWarning: enable_nested_tensor is True, but self.use_nested_tensor is False because encoder_layer.norm_first was True
  warnings.warn(
[     500/100000] ece_heldout=0.051 acc=0.25 (7.4 ms/it)
[    1000/100000] ece_heldout=0.111 acc=0.44 (7.9 ms/it)
[    1500/100000] ece_heldout=0.133 acc=0.59 (8.3 ms/it)
[    2000/100000] ece_heldout=0.170 acc=0.62 (8.1 ms/it)
[    2500/100000] ece_heldout=0.186 acc=0.64 (8.2 ms/it)
[    3000/100000] ece_heldout=0.204 acc=0.64 (8.1 ms/it)
[    3500/100000] ece_heldout=0.222 acc=0.65 (8.2 ms/it)
[    4000/100000] ece_heldout=0.222 acc=0.68 (8.2 ms/it)
[    4500/100000] ece_heldout=0.259 acc=0.67 (8.2 ms/it)
[    5000/100000] ece_heldout=0.266 acc=0.69 (8.4 ms/it)
[    5500/100000] ece_heldout=0.282 acc=0.64 (8.5 ms/it)
[    6000/100000] ece_heldout=0.284 acc=0.67 (8.8 ms/it)
[    6500/100000] ece_heldout=0.286 acc=0.66 (9.4 ms/it)
[    7000/100000] ece_heldout=0.302 acc=0.69 (9.5 ms/it)
[    7500/100000] ece_heldout=0.299 acc=0.64 (9.1 ms/it)
[    8000/100000] ece_heldout=0.305 acc=0.68 (9.7 ms/it)
[    8500/100000] ece_heldout=0.313 acc=0.69 (8.4 ms/it)
[    9000/100000] ece_heldout=0.313 acc=0.65 (8.6 ms/it)
[    9500/100000] ece_heldout=0.317 acc=0.67 (8.6 ms/it)
[   10000/100000] ece_heldout=0.313 acc=0.67 (8.6 ms/it)
[   10500/100000] ece_heldout=0.329 acc=0.68 (9.6 ms/it)
[   11000/100000] ece_heldout=0.327 acc=0.68 (9.6 ms/it)
[   11500/100000] ece_heldout=0.334 acc=0.67 (8.9 ms/it)
[   12000/100000] ece_heldout=0.322 acc=0.66 (8.9 ms/it)
[   12500/100000] ece_heldout=0.333 acc=0.67 (9.8 ms/it)
[   13000/100000] ece_heldout=0.341 acc=0.68 (9.5 ms/it)
[   13500/100000] ece_heldout=0.336 acc=0.67 (9.3 ms/it)
[   14000/100000] ece_heldout=0.338 acc=0.69 (9.3 ms/it)
[   14500/100000] ece_heldout=0.344 acc=0.70 (9.6 ms/it)
[   15000/100000] ece_heldout=0.340 acc=0.67 (10.9 ms/it)
[   15500/100000] ece_heldout=0.345 acc=0.67 (9.4 ms/it)
[   16000/100000] ece_heldout=0.336 acc=0.68 (9.1 ms/it)
[   16500/100000] ece_heldout=0.346 acc=0.70 (9.2 ms/it)
[   17000/100000] ece_heldout=0.338 acc=0.68 (9.3 ms/it)
[   17500/100000] ece_heldout=0.341 acc=0.66 (9.3 ms/it)
[   18000/100000] ece_heldout=0.338 acc=0.68 (11.7 ms/it)
[   18500/100000] ece_heldout=0.344 acc=0.67 (9.3 ms/it)
[   19000/100000] ece_heldout=0.349 acc=0.68 (9.7 ms/it)
[   19500/100000] ece_heldout=0.344 acc=0.69 (11.4 ms/it)
[   20000/100000] ece_heldout=0.349 acc=0.68 (11.7 ms/it)
[   20500/100000] ece_heldout=0.348 acc=0.69 (9.0 ms/it)
[   21000/100000] ece_heldout=0.345 acc=0.65 (9.0 ms/it)
[   21500/100000] ece_heldout=0.344 acc=0.67 (9.1 ms/it)
[   22000/100000] ece_heldout=0.348 acc=0.69 (9.0 ms/it)
[   22500/100000] ece_heldout=0.354 acc=0.71 (10.1 ms/it)
[   23000/100000] ece_heldout=0.348 acc=0.68 (11.8 ms/it)
[   23500/100000] ece_heldout=0.355 acc=0.68 (11.4 ms/it)
[   24000/100000] ece_heldout=0.354 acc=0.69 (11.1 ms/it)
[   24500/100000] ece_heldout=0.351 acc=0.69 (10.2 ms/it)
[   25000/100000] ece_heldout=0.352 acc=0.71 (9.3 ms/it)
[   25500/100000] ece_heldout=0.353 acc=0.69 (11.6 ms/it)
[   26000/100000] ece_heldout=0.356 acc=0.70 (9.6 ms/it)
[   26500/100000] ece_heldout=0.353 acc=0.69 (10.0 ms/it)
[   27000/100000] ece_heldout=0.353 acc=0.67 (11.3 ms/it)
[   27500/100000] ece_heldout=0.351 acc=0.69 (10.3 ms/it)
[   28000/100000] ece_heldout=0.350 acc=0.70 (10.1 ms/it)
[   28500/100000] ece_heldout=0.354 acc=0.71 (11.0 ms/it)
[   29000/100000] ece_heldout=0.356 acc=0.69 (10.2 ms/it)
[   29500/100000] ece_heldout=0.358 acc=0.67 (11.7 ms/it)
[   30000/100000] ece_heldout=0.356 acc=0.70 (10.9 ms/it)
[   30500/100000] ece_heldout=0.354 acc=0.68 (11.7 ms/it)
[   31000/100000] ece_heldout=0.357 acc=0.71 (11.4 ms/it)
[   31500/100000] ece_heldout=0.357 acc=0.68 (10.4 ms/it)
[   32000/100000] ece_heldout=0.363 acc=0.68 (9.4 ms/it)
[   32500/100000] ece_heldout=0.362 acc=0.71 (12.3 ms/it)
[   33000/100000] ece_heldout=0.359 acc=0.68 (10.3 ms/it)
[   33500/100000] ece_heldout=0.350 acc=0.69 (11.5 ms/it)
[   34000/100000] ece_heldout=0.359 acc=0.70 (11.3 ms/it)
[   34500/100000] ece_heldout=0.358 acc=0.73 (9.0 ms/it)
[   35000/100000] ece_heldout=0.358 acc=0.69 (10.4 ms/it)
[   35500/100000] ece_heldout=0.366 acc=0.69 (11.2 ms/it)
[   36000/100000] ece_heldout=0.360 acc=0.71 (9.8 ms/it)
[   36500/100000] ece_heldout=0.362 acc=0.69 (9.3 ms/it)
[   37000/100000] ece_heldout=0.362 acc=0.72 (11.9 ms/it)
[   37500/100000] ece_heldout=0.360 acc=0.70 (12.4 ms/it)
[   38000/100000] ece_heldout=0.370 acc=0.71 (11.1 ms/it)
[   38500/100000] ece_heldout=0.360 acc=0.72 (11.3 ms/it)
[   39000/100000] ece_heldout=0.360 acc=0.69 (11.5 ms/it)
[   39500/100000] ece_heldout=0.360 acc=0.71 (10.6 ms/it)
[   40000/100000] ece_heldout=0.365 acc=0.71 (11.9 ms/it)
[   40500/100000] ece_heldout=0.363 acc=0.74 (10.2 ms/it)
[   41000/100000] ece_heldout=0.359 acc=0.69 (11.7 ms/it)
[   41500/100000] ece_heldout=0.370 acc=0.67 (11.2 ms/it)
[   42000/100000] ece_heldout=0.364 acc=0.71 (15.6 ms/it)
[   42500/100000] ece_heldout=0.366 acc=0.69 (10.2 ms/it)
[   43000/100000] ece_heldout=0.368 acc=0.73 (10.3 ms/it)
[   43500/100000] ece_heldout=0.370 acc=0.71 (10.8 ms/it)
[   44000/100000] ece_heldout=0.371 acc=0.70 (11.1 ms/it)
[   44500/100000] ece_heldout=0.366 acc=0.70 (9.5 ms/it)
[   45000/100000] ece_heldout=0.370 acc=0.67 (9.6 ms/it)
[   45500/100000] ece_heldout=0.361 acc=0.70 (9.4 ms/it)
[   46000/100000] ece_heldout=0.365 acc=0.70 (9.6 ms/it)
[   46500/100000] ece_heldout=0.370 acc=0.73 (9.1 ms/it)
[   47000/100000] ece_heldout=0.371 acc=0.72 (10.0 ms/it)
[   47500/100000] ece_heldout=0.373 acc=0.69 (9.2 ms/it)
[   48000/100000] ece_heldout=0.364 acc=0.70 (10.7 ms/it)
[   48500/100000] ece_heldout=0.370 acc=0.70 (9.4 ms/it)
[   49000/100000] ece_heldout=0.367 acc=0.71 (10.6 ms/it)
[   49500/100000] ece_heldout=0.373 acc=0.69 (9.3 ms/it)
[   50000/100000] ece_heldout=0.373 acc=0.71 (8.5 ms/it)
[   50500/100000] ece_heldout=0.366 acc=0.71 (9.1 ms/it)
budget temps atteint (600.0s) a 50565 interactions
{
  "ece": 0.058127061777579,
  "accuracy": 0.6794225254622763,
  "conf_moy": 0.7283446898567179,
  "aurc": 0.2155028633312012,
  "coverage_0p5": 0.813388707604074,
  "n": 50565,
  "ms_per_iter": 9.963983830742698,
  "n_new": 50565,
  "cycle": 0,
  "source": "synthetique"
}
