C:\Users\Mathieu\AppData\Local\Programs\Python\Python311\Lib\site-packages\torch\nn\modules\transformer.py:392: UserWarning: enable_nested_tensor is True, but self.use_nested_tensor is False because encoder_layer.norm_first was True
  warnings.warn(
[     500/100000] ece_heldout=0.064 acc=0.25 (7.5 ms/it)
[    1000/100000] ece_heldout=0.112 acc=0.37 (8.1 ms/it)
[    1500/100000] ece_heldout=0.135 acc=0.54 (8.3 ms/it)
[    2000/100000] ece_heldout=0.140 acc=0.57 (8.3 ms/it)
[    2500/100000] ece_heldout=0.157 acc=0.63 (8.3 ms/it)
[    3000/100000] ece_heldout=0.174 acc=0.61 (8.4 ms/it)
[    3500/100000] ece_heldout=0.193 acc=0.65 (8.2 ms/it)
[    4000/100000] ece_heldout=0.193 acc=0.64 (8.3 ms/it)
[    4500/100000] ece_heldout=0.195 acc=0.66 (8.6 ms/it)
[    5000/100000] ece_heldout=0.209 acc=0.66 (8.5 ms/it)
[    5500/100000] ece_heldout=0.221 acc=0.64 (8.7 ms/it)
[    6000/100000] ece_heldout=0.225 acc=0.66 (9.4 ms/it)
[    6500/100000] ece_heldout=0.233 acc=0.64 (9.8 ms/it)
[    7000/100000] ece_heldout=0.240 acc=0.67 (9.0 ms/it)
[    7500/100000] ece_heldout=0.231 acc=0.64 (9.7 ms/it)
[    8000/100000] ece_heldout=0.249 acc=0.67 (8.5 ms/it)
[    8500/100000] ece_heldout=0.255 acc=0.68 (8.8 ms/it)
[    9000/100000] ece_heldout=0.253 acc=0.64 (9.1 ms/it)
[    9500/100000] ece_heldout=0.263 acc=0.66 (8.7 ms/it)
[   10000/100000] ece_heldout=0.257 acc=0.66 (9.7 ms/it)
[   10500/100000] ece_heldout=0.265 acc=0.67 (9.4 ms/it)
[   11000/100000] ece_heldout=0.272 acc=0.67 (8.7 ms/it)
[   11500/100000] ece_heldout=0.282 acc=0.65 (9.3 ms/it)
[   12000/100000] ece_heldout=0.278 acc=0.66 (9.9 ms/it)
[   12500/100000] ece_heldout=0.283 acc=0.67 (9.5 ms/it)
[   13000/100000] ece_heldout=0.280 acc=0.67 (9.6 ms/it)
[   13500/100000] ece_heldout=0.269 acc=0.66 (9.9 ms/it)
[   14000/100000] ece_heldout=0.274 acc=0.66 (11.2 ms/it)
[   14500/100000] ece_heldout=0.273 acc=0.69 (9.7 ms/it)
[   15000/100000] ece_heldout=0.268 acc=0.66 (10.8 ms/it)
[   15500/100000] ece_heldout=0.273 acc=0.67 (9.7 ms/it)
[   16000/100000] ece_heldout=0.275 acc=0.67 (9.7 ms/it)
[   16500/100000] ece_heldout=0.273 acc=0.67 (10.8 ms/it)
[   17000/100000] ece_heldout=0.278 acc=0.66 (11.9 ms/it)
[   17500/100000] ece_heldout=0.281 acc=0.65 (11.0 ms/it)
[   18000/100000] ece_heldout=0.283 acc=0.66 (10.6 ms/it)
[   18500/100000] ece_heldout=0.277 acc=0.65 (11.7 ms/it)
[   19000/100000] ece_heldout=0.279 acc=0.68 (11.9 ms/it)
[   19500/100000] ece_heldout=0.278 acc=0.67 (12.5 ms/it)
[   20000/100000] ece_heldout=0.274 acc=0.65 (11.4 ms/it)
[   20500/100000] ece_heldout=0.286 acc=0.70 (11.7 ms/it)
[   21000/100000] ece_heldout=0.277 acc=0.66 (12.1 ms/it)
[   21500/100000] ece_heldout=0.285 acc=0.69 (9.0 ms/it)
[   22000/100000] ece_heldout=0.281 acc=0.67 (9.5 ms/it)
[   22500/100000] ece_heldout=0.289 acc=0.67 (9.7 ms/it)
[   23000/100000] ece_heldout=0.291 acc=0.66 (11.7 ms/it)
[   23500/100000] ece_heldout=0.295 acc=0.64 (12.0 ms/it)
[   24000/100000] ece_heldout=0.293 acc=0.67 (9.4 ms/it)
[   24500/100000] ece_heldout=0.299 acc=0.68 (11.0 ms/it)
[   25000/100000] ece_heldout=0.291 acc=0.67 (9.4 ms/it)
[   25500/100000] ece_heldout=0.288 acc=0.68 (11.1 ms/it)
[   26000/100000] ece_heldout=0.290 acc=0.65 (9.9 ms/it)
[   26500/100000] ece_heldout=0.303 acc=0.67 (10.9 ms/it)
[   27000/100000] ece_heldout=0.296 acc=0.66 (12.5 ms/it)
[   27500/100000] ece_heldout=0.307 acc=0.67 (10.4 ms/it)
[   28000/100000] ece_heldout=0.297 acc=0.68 (11.9 ms/it)
[   28500/100000] ece_heldout=0.300 acc=0.67 (11.4 ms/it)
[   29000/100000] ece_heldout=0.294 acc=0.67 (10.9 ms/it)
[   29500/100000] ece_heldout=0.299 acc=0.66 (10.1 ms/it)
[   30000/100000] ece_heldout=0.295 acc=0.68 (11.5 ms/it)
[   30500/100000] ece_heldout=0.313 acc=0.67 (9.7 ms/it)
[   31000/100000] ece_heldout=0.302 acc=0.67 (10.1 ms/it)
[   31500/100000] ece_heldout=0.311 acc=0.66 (13.6 ms/it)
[   32000/100000] ece_heldout=0.305 acc=0.65 (12.0 ms/it)
[   32500/100000] ece_heldout=0.318 acc=0.70 (11.3 ms/it)
[   33000/100000] ece_heldout=0.309 acc=0.66 (10.6 ms/it)
[   33500/100000] ece_heldout=0.304 acc=0.68 (11.2 ms/it)
[   34000/100000] ece_heldout=0.304 acc=0.67 (12.1 ms/it)
[   34500/100000] ece_heldout=0.311 acc=0.68 (12.5 ms/it)
[   35000/100000] ece_heldout=0.309 acc=0.67 (9.5 ms/it)
[   35500/100000] ece_heldout=0.312 acc=0.67 (11.7 ms/it)
[   36000/100000] ece_heldout=0.309 acc=0.70 (12.2 ms/it)
[   36500/100000] ece_heldout=0.323 acc=0.65 (10.3 ms/it)
[   37000/100000] ece_heldout=0.312 acc=0.68 (11.8 ms/it)
[   37500/100000] ece_heldout=0.316 acc=0.67 (10.3 ms/it)
[   38000/100000] ece_heldout=0.309 acc=0.68 (12.7 ms/it)
[   38500/100000] ece_heldout=0.330 acc=0.68 (13.2 ms/it)
[   39000/100000] ece_heldout=0.325 acc=0.68 (12.5 ms/it)
[   39500/100000] ece_heldout=0.315 acc=0.68 (10.9 ms/it)
[   40000/100000] ece_heldout=0.319 acc=0.67 (10.7 ms/it)
[   40500/100000] ece_heldout=0.316 acc=0.70 (9.9 ms/it)
[   41000/100000] ece_heldout=0.319 acc=0.66 (11.8 ms/it)
[   41500/100000] ece_heldout=0.322 acc=0.66 (9.1 ms/it)
[   42000/100000] ece_heldout=0.324 acc=0.67 (10.1 ms/it)
[   42500/100000] ece_heldout=0.324 acc=0.66 (9.4 ms/it)
[   43000/100000] ece_heldout=0.311 acc=0.71 (9.3 ms/it)
[   43500/100000] ece_heldout=0.317 acc=0.69 (9.9 ms/it)
[   44000/100000] ece_heldout=0.315 acc=0.67 (9.5 ms/it)
[   44500/100000] ece_heldout=0.330 acc=0.69 (10.7 ms/it)
[   45000/100000] ece_heldout=0.323 acc=0.66 (9.8 ms/it)
[   45500/100000] ece_heldout=0.310 acc=0.68 (11.0 ms/it)
[   46000/100000] ece_heldout=0.324 acc=0.67 (9.2 ms/it)
[   46500/100000] ece_heldout=0.317 acc=0.69 (8.8 ms/it)
budget temps atteint (600.0s) a 46962 interactions
miel phase2 : activation cible 21810/46962 (46.4%) sk>0.5
{
  "ece": 0.018521559919142283,
  "accuracy": 0.6570631574464461,
  "conf_moy": 0.6558692711183152,
  "aurc": 0.21843888818367765,
  "coverage_0p5": 0.7260338145734849,
  "n": 46962,
  "ms_per_iter": 10.280924351880124,
  "n_new": 46962,
  "cycle": 0,
  "source": "synthetique"
}
