C:\Users\Mathieu\AppData\Local\Programs\Python\Python311\Lib\site-packages\torch\nn\modules\transformer.py:392: UserWarning: enable_nested_tensor is True, but self.use_nested_tensor is False because encoder_layer.norm_first was True
  warnings.warn(
[     500/50000] ece_heldout=0.049 acc=0.16 (7.7 ms/it)
[    1000/50000] ece_heldout=0.118 acc=0.35 (8.3 ms/it)
[    1500/50000] ece_heldout=0.152 acc=0.51 (8.4 ms/it)
[    2000/50000] ece_heldout=0.155 acc=0.56 (8.5 ms/it)
[    2500/50000] ece_heldout=0.136 acc=0.55 (8.6 ms/it)
[    3000/50000] ece_heldout=0.172 acc=0.58 (8.4 ms/it)
[    3500/50000] ece_heldout=0.179 acc=0.63 (8.4 ms/it)
[    4000/50000] ece_heldout=0.186 acc=0.61 (8.5 ms/it)
[    4500/50000] ece_heldout=0.192 acc=0.63 (8.5 ms/it)
[    5000/50000] ece_heldout=0.206 acc=0.62 (8.9 ms/it)
[    5500/50000] ece_heldout=0.209 acc=0.62 (9.0 ms/it)
[    6000/50000] ece_heldout=0.231 acc=0.64 (9.0 ms/it)
[    6500/50000] ece_heldout=0.225 acc=0.64 (8.8 ms/it)
[    7000/50000] ece_heldout=0.229 acc=0.64 (8.8 ms/it)
[    7500/50000] ece_heldout=0.252 acc=0.64 (8.4 ms/it)
[    8000/50000] ece_heldout=0.233 acc=0.65 (8.4 ms/it)
[    8500/50000] ece_heldout=0.251 acc=0.63 (8.2 ms/it)
[    9000/50000] ece_heldout=0.256 acc=0.63 (8.3 ms/it)
[    9500/50000] ece_heldout=0.250 acc=0.63 (8.4 ms/it)
[   10000/50000] ece_heldout=0.257 acc=0.64 (8.8 ms/it)
[   10500/50000] ece_heldout=0.251 acc=0.64 (8.7 ms/it)
[   11000/50000] ece_heldout=0.265 acc=0.64 (8.8 ms/it)
[   11500/50000] ece_heldout=0.258 acc=0.62 (8.4 ms/it)
[   12000/50000] ece_heldout=0.289 acc=0.63 (8.5 ms/it)
[   12500/50000] ece_heldout=0.267 acc=0.63 (9.8 ms/it)
[   13000/50000] ece_heldout=0.268 acc=0.66 (9.6 ms/it)
[   13500/50000] ece_heldout=0.281 acc=0.63 (10.1 ms/it)
[   14000/50000] ece_heldout=0.265 acc=0.64 (9.7 ms/it)
[   14500/50000] ece_heldout=0.280 acc=0.63 (9.5 ms/it)
[   15000/50000] ece_heldout=0.277 acc=0.63 (9.7 ms/it)
[   15500/50000] ece_heldout=0.271 acc=0.64 (9.9 ms/it)
[   16000/50000] ece_heldout=0.281 acc=0.63 (9.8 ms/it)
[   16500/50000] ece_heldout=0.269 acc=0.64 (9.1 ms/it)
[   17000/50000] ece_heldout=0.282 acc=0.64 (9.8 ms/it)
[   17500/50000] ece_heldout=0.275 acc=0.65 (8.7 ms/it)
[   18000/50000] ece_heldout=0.296 acc=0.63 (8.9 ms/it)
[   18500/50000] ece_heldout=0.286 acc=0.64 (8.8 ms/it)
[   19000/50000] ece_heldout=0.258 acc=0.64 (9.8 ms/it)
[   19500/50000] ece_heldout=0.296 acc=0.65 (9.2 ms/it)
[   20000/50000] ece_heldout=0.274 acc=0.65 (8.5 ms/it)
[   20500/50000] ece_heldout=0.292 acc=0.65 (8.5 ms/it)
[   21000/50000] ece_heldout=0.287 acc=0.62 (8.5 ms/it)
[   21500/50000] ece_heldout=0.282 acc=0.62 (8.3 ms/it)
[   22000/50000] ece_heldout=0.292 acc=0.65 (8.3 ms/it)
[   22500/50000] ece_heldout=0.281 acc=0.65 (8.3 ms/it)
[   23000/50000] ece_heldout=0.284 acc=0.64 (8.3 ms/it)
[   23500/50000] ece_heldout=0.285 acc=0.65 (8.3 ms/it)
[   24000/50000] ece_heldout=0.311 acc=0.63 (9.3 ms/it)
[   24500/50000] ece_heldout=0.295 acc=0.64 (8.4 ms/it)
[   25000/50000] ece_heldout=0.280 acc=0.65 (8.5 ms/it)
[   25500/50000] ece_heldout=0.296 acc=0.63 (9.1 ms/it)
[   26000/50000] ece_heldout=0.287 acc=0.65 (8.7 ms/it)
[   26500/50000] ece_heldout=0.305 acc=0.63 (8.6 ms/it)
[   27000/50000] ece_heldout=0.289 acc=0.64 (8.8 ms/it)
[   27500/50000] ece_heldout=0.287 acc=0.65 (8.9 ms/it)
[   28000/50000] ece_heldout=0.294 acc=0.66 (8.6 ms/it)
[   28500/50000] ece_heldout=0.292 acc=0.65 (10.9 ms/it)
[   29000/50000] ece_heldout=0.303 acc=0.64 (9.1 ms/it)
[   29500/50000] ece_heldout=0.298 acc=0.65 (10.1 ms/it)
[   30000/50000] ece_heldout=0.320 acc=0.64 (8.6 ms/it)
[   30500/50000] ece_heldout=0.313 acc=0.64 (9.7 ms/it)
[   31000/50000] ece_heldout=0.292 acc=0.65 (9.7 ms/it)
[   31500/50000] ece_heldout=0.312 acc=0.65 (9.0 ms/it)
[   32000/50000] ece_heldout=0.297 acc=0.66 (10.0 ms/it)
[   32500/50000] ece_heldout=0.314 acc=0.62 (9.6 ms/it)
[   33000/50000] ece_heldout=0.311 acc=0.62 (10.2 ms/it)
[   33500/50000] ece_heldout=0.302 acc=0.63 (10.4 ms/it)
[   34000/50000] ece_heldout=0.319 acc=0.65 (9.8 ms/it)
[   34500/50000] ece_heldout=0.304 acc=0.66 (10.0 ms/it)
[   35000/50000] ece_heldout=0.308 acc=0.67 (9.4 ms/it)
[   35500/50000] ece_heldout=0.308 acc=0.63 (9.6 ms/it)
[   36000/50000] ece_heldout=0.324 acc=0.65 (9.3 ms/it)
[   36500/50000] ece_heldout=0.321 acc=0.64 (9.5 ms/it)
[   37000/50000] ece_heldout=0.299 acc=0.65 (9.6 ms/it)
[   37500/50000] ece_heldout=0.327 acc=0.65 (10.6 ms/it)
[   38000/50000] ece_heldout=0.310 acc=0.66 (9.9 ms/it)
[   38500/50000] ece_heldout=0.326 acc=0.64 (10.6 ms/it)
[   39000/50000] ece_heldout=0.312 acc=0.67 (11.4 ms/it)
[   39500/50000] ece_heldout=0.313 acc=0.63 (9.3 ms/it)
[   40000/50000] ece_heldout=0.322 acc=0.66 (9.1 ms/it)
[   40500/50000] ece_heldout=0.312 acc=0.65 (10.0 ms/it)
[   41000/50000] ece_heldout=0.324 acc=0.65 (9.5 ms/it)
[   41500/50000] ece_heldout=0.317 acc=0.67 (11.5 ms/it)
[   42000/50000] ece_heldout=0.332 acc=0.64 (9.9 ms/it)
[   42500/50000] ece_heldout=0.328 acc=0.67 (10.1 ms/it)
[   43000/50000] ece_heldout=0.306 acc=0.66 (11.5 ms/it)
[   43500/50000] ece_heldout=0.330 acc=0.62 (9.4 ms/it)
[   44000/50000] ece_heldout=0.313 acc=0.64 (9.4 ms/it)
[   44500/50000] ece_heldout=0.329 acc=0.64 (9.9 ms/it)
[   45000/50000] ece_heldout=0.321 acc=0.68 (9.9 ms/it)
[   45500/50000] ece_heldout=0.318 acc=0.65 (10.6 ms/it)
[   46000/50000] ece_heldout=0.333 acc=0.65 (10.4 ms/it)
[   46500/50000] ece_heldout=0.314 acc=0.65 (9.1 ms/it)
[   47000/50000] ece_heldout=0.325 acc=0.66 (9.2 ms/it)
[   47500/50000] ece_heldout=0.325 acc=0.67 (8.7 ms/it)
[   48000/50000] ece_heldout=0.339 acc=0.66 (8.0 ms/it)
[   48500/50000] ece_heldout=0.332 acc=0.66 (5.7 ms/it)
[   49000/50000] ece_heldout=0.313 acc=0.66 (6.0 ms/it)
[   49500/50000] ece_heldout=0.326 acc=0.65 (6.0 ms/it)
[   50000/50000] ece_heldout=0.325 acc=0.68 (6.1 ms/it)
miel phase2 : activation cible 21588/50000 (43.2%) sk>0.5
{
  "ece": 0.026924524298798012,
  "accuracy": 0.63208,
  "conf_moy": 0.6439807166073908,
  "aurc": 0.24052235898986402,
  "coverage_0p5": 0.71906,
  "n": 50000,
  "ms_per_iter": 9.0927467918396,
  "n_new": 50000,
  "cycle": 0,
  "source": "synthetique"
}
