C:\Users\Mathieu\AppData\Local\Programs\Python\Python311\Lib\site-packages\torch\nn\modules\transformer.py:392: UserWarning: enable_nested_tensor is True, but self.use_nested_tensor is False because encoder_layer.norm_first was True
  warnings.warn(
[     500/100000] ece_heldout=0.039 acc=0.16 (7.8 ms/it)
[    1000/100000] ece_heldout=0.111 acc=0.33 (8.3 ms/it)
[    1500/100000] ece_heldout=0.129 acc=0.45 (8.0 ms/it)
[    2000/100000] ece_heldout=0.129 acc=0.45 (7.9 ms/it)
[    2500/100000] ece_heldout=0.118 acc=0.54 (7.9 ms/it)
[    3000/100000] ece_heldout=0.141 acc=0.48 (7.8 ms/it)
[    3500/100000] ece_heldout=0.150 acc=0.54 (7.7 ms/it)
[    4000/100000] ece_heldout=0.163 acc=0.53 (7.8 ms/it)
[    4500/100000] ece_heldout=0.167 acc=0.54 (7.9 ms/it)
[    5000/100000] ece_heldout=0.145 acc=0.58 (7.8 ms/it)
[    5500/100000] ece_heldout=0.182 acc=0.56 (7.9 ms/it)
[    6000/100000] ece_heldout=0.176 acc=0.55 (7.8 ms/it)
[    6500/100000] ece_heldout=0.186 acc=0.53 (7.8 ms/it)
[    7000/100000] ece_heldout=0.179 acc=0.59 (7.8 ms/it)
[    7500/100000] ece_heldout=0.198 acc=0.59 (7.9 ms/it)
[    8000/100000] ece_heldout=0.210 acc=0.56 (7.8 ms/it)
[    8500/100000] ece_heldout=0.192 acc=0.59 (7.8 ms/it)
[    9000/100000] ece_heldout=0.221 acc=0.55 (7.9 ms/it)
[    9500/100000] ece_heldout=0.218 acc=0.62 (7.9 ms/it)
[   10000/100000] ece_heldout=0.236 acc=0.57 (7.9 ms/it)
[   10500/100000] ece_heldout=0.218 acc=0.58 (9.2 ms/it)
[   11000/100000] ece_heldout=0.212 acc=0.61 (8.8 ms/it)
[   11500/100000] ece_heldout=0.242 acc=0.58 (7.9 ms/it)
[   12000/100000] ece_heldout=0.237 acc=0.60 (7.9 ms/it)
[   12500/100000] ece_heldout=0.234 acc=0.56 (7.8 ms/it)
[   13000/100000] ece_heldout=0.234 acc=0.61 (7.9 ms/it)
[   13500/100000] ece_heldout=0.238 acc=0.61 (8.3 ms/it)
[   14000/100000] ece_heldout=0.238 acc=0.59 (8.0 ms/it)
[   14500/100000] ece_heldout=0.228 acc=0.60 (7.8 ms/it)
[   15000/100000] ece_heldout=0.248 acc=0.58 (7.9 ms/it)
[   15500/100000] ece_heldout=0.241 acc=0.63 (7.8 ms/it)
[   16000/100000] ece_heldout=0.245 acc=0.59 (7.7 ms/it)
[   16500/100000] ece_heldout=0.243 acc=0.62 (7.9 ms/it)
[   17000/100000] ece_heldout=0.248 acc=0.61 (7.9 ms/it)
[   17500/100000] ece_heldout=0.256 acc=0.60 (7.9 ms/it)
[   18000/100000] ece_heldout=0.250 acc=0.67 (7.9 ms/it)
[   18500/100000] ece_heldout=0.255 acc=0.57 (7.9 ms/it)
[   19000/100000] ece_heldout=0.256 acc=0.62 (7.9 ms/it)
[   19500/100000] ece_heldout=0.259 acc=0.62 (7.9 ms/it)
[   20000/100000] ece_heldout=0.260 acc=0.62 (7.9 ms/it)
[   20500/100000] ece_heldout=0.245 acc=0.63 (7.9 ms/it)
[   21000/100000] ece_heldout=0.259 acc=0.59 (8.0 ms/it)
[   21500/100000] ece_heldout=0.254 acc=0.64 (7.9 ms/it)
[   22000/100000] ece_heldout=0.260 acc=0.60 (7.8 ms/it)
[   22500/100000] ece_heldout=0.261 acc=0.62 (7.9 ms/it)
[   23000/100000] ece_heldout=0.261 acc=0.63 (8.1 ms/it)
[   23500/100000] ece_heldout=0.276 acc=0.63 (8.0 ms/it)
[   24000/100000] ece_heldout=0.273 acc=0.67 (8.0 ms/it)
[   24500/100000] ece_heldout=0.279 acc=0.58 (7.8 ms/it)
[   25000/100000] ece_heldout=0.278 acc=0.63 (7.8 ms/it)
[   25500/100000] ece_heldout=0.269 acc=0.65 (7.9 ms/it)
[   26000/100000] ece_heldout=0.265 acc=0.64 (8.2 ms/it)
[   26500/100000] ece_heldout=0.259 acc=0.64 (8.2 ms/it)
[   27000/100000] ece_heldout=0.278 acc=0.59 (8.1 ms/it)
[   27500/100000] ece_heldout=0.273 acc=0.66 (8.3 ms/it)
[   28000/100000] ece_heldout=0.269 acc=0.63 (9.1 ms/it)
[   28500/100000] ece_heldout=0.261 acc=0.65 (8.7 ms/it)
[   29000/100000] ece_heldout=0.264 acc=0.67 (8.0 ms/it)
[   29500/100000] ece_heldout=0.281 acc=0.65 (7.9 ms/it)
[   30000/100000] ece_heldout=0.274 acc=0.68 (7.9 ms/it)
[   30500/100000] ece_heldout=0.265 acc=0.61 (7.9 ms/it)
[   31000/100000] ece_heldout=0.283 acc=0.65 (7.9 ms/it)
[   31500/100000] ece_heldout=0.276 acc=0.66 (7.9 ms/it)
[   32000/100000] ece_heldout=0.279 acc=0.67 (8.1 ms/it)
[   32500/100000] ece_heldout=0.264 acc=0.66 (8.3 ms/it)
[   33000/100000] ece_heldout=0.294 acc=0.63 (8.4 ms/it)
[   33500/100000] ece_heldout=0.272 acc=0.66 (7.9 ms/it)
[   34000/100000] ece_heldout=0.276 acc=0.65 (7.8 ms/it)
[   34500/100000] ece_heldout=0.271 acc=0.66 (7.8 ms/it)
[   35000/100000] ece_heldout=0.279 acc=0.67 (7.8 ms/it)
[   35500/100000] ece_heldout=0.273 acc=0.66 (8.0 ms/it)
[   36000/100000] ece_heldout=0.284 acc=0.69 (7.9 ms/it)
[   36500/100000] ece_heldout=0.284 acc=0.63 (7.9 ms/it)
[   37000/100000] ece_heldout=0.274 acc=0.67 (8.0 ms/it)
[   37500/100000] ece_heldout=0.277 acc=0.68 (7.9 ms/it)
[   38000/100000] ece_heldout=0.282 acc=0.66 (8.1 ms/it)
[   38500/100000] ece_heldout=0.278 acc=0.65 (7.9 ms/it)
[   39000/100000] ece_heldout=0.304 acc=0.65 (8.0 ms/it)
[   39500/100000] ece_heldout=0.285 acc=0.68 (7.9 ms/it)
[   40000/100000] ece_heldout=0.282 acc=0.67 (7.8 ms/it)
[   40500/100000] ece_heldout=0.281 acc=0.68 (7.8 ms/it)
[   41000/100000] ece_heldout=0.281 acc=0.69 (7.8 ms/it)
[   41500/100000] ece_heldout=0.287 acc=0.66 (8.0 ms/it)
[   42000/100000] ece_heldout=0.289 acc=0.69 (7.9 ms/it)
[   42500/100000] ece_heldout=0.288 acc=0.67 (7.9 ms/it)
[   43000/100000] ece_heldout=0.285 acc=0.68 (7.9 ms/it)
[   43500/100000] ece_heldout=0.285 acc=0.69 (7.9 ms/it)
[   44000/100000] ece_heldout=0.280 acc=0.68 (8.1 ms/it)
[   44500/100000] ece_heldout=0.287 acc=0.70 (7.8 ms/it)
[   45000/100000] ece_heldout=0.284 acc=0.66 (7.9 ms/it)
[   45500/100000] ece_heldout=0.285 acc=0.69 (8.5 ms/it)
[   46000/100000] ece_heldout=0.285 acc=0.68 (9.3 ms/it)
[   46500/100000] ece_heldout=0.279 acc=0.69 (8.7 ms/it)
[   47000/100000] ece_heldout=0.293 acc=0.71 (8.0 ms/it)
[   47500/100000] ece_heldout=0.281 acc=0.69 (7.9 ms/it)
[   48000/100000] ece_heldout=0.290 acc=0.70 (8.0 ms/it)
[   48500/100000] ece_heldout=0.285 acc=0.67 (7.8 ms/it)
[   49000/100000] ece_heldout=0.297 acc=0.70 (7.8 ms/it)
[   49500/100000] ece_heldout=0.299 acc=0.71 (7.9 ms/it)
[   50000/100000] ece_heldout=0.283 acc=0.70 (8.1 ms/it)
[   50500/100000] ece_heldout=0.291 acc=0.71 (7.8 ms/it)
[   51000/100000] ece_heldout=0.309 acc=0.69 (8.0 ms/it)
[   51500/100000] ece_heldout=0.296 acc=0.71 (7.8 ms/it)
[   52000/100000] ece_heldout=0.294 acc=0.71 (7.9 ms/it)
[   52500/100000] ece_heldout=0.289 acc=0.70 (7.8 ms/it)
[   53000/100000] ece_heldout=0.304 acc=0.73 (7.8 ms/it)
[   53500/100000] ece_heldout=0.296 acc=0.71 (8.0 ms/it)
[   54000/100000] ece_heldout=0.289 acc=0.74 (7.9 ms/it)
[   54500/100000] ece_heldout=0.289 acc=0.69 (7.8 ms/it)
[   55000/100000] ece_heldout=0.303 acc=0.73 (7.8 ms/it)
[   55500/100000] ece_heldout=0.305 acc=0.72 (7.8 ms/it)
[   56000/100000] ece_heldout=0.280 acc=0.72 (7.9 ms/it)
[   56500/100000] ece_heldout=0.299 acc=0.71 (8.0 ms/it)
[   57000/100000] ece_heldout=0.288 acc=0.71 (7.9 ms/it)
[   57500/100000] ece_heldout=0.304 acc=0.76 (7.9 ms/it)
[   58000/100000] ece_heldout=0.291 acc=0.72 (8.2 ms/it)
[   58500/100000] ece_heldout=0.287 acc=0.71 (7.9 ms/it)
[   59000/100000] ece_heldout=0.309 acc=0.73 (7.8 ms/it)
[   59500/100000] ece_heldout=0.298 acc=0.72 (7.8 ms/it)
budget temps atteint (600.0s) a 59861 interactions
miel phase2 : activation cible 14406/59861 (24.1%) sk>0.5
{
  "ece": 0.035427021085561596,
  "accuracy": 0.635538998680276,
  "conf_moy": 0.657752876090632,
  "aurc": 0.23744395390237244,
  "coverage_0p5": 0.7404988222715959,
  "n": 59861,
  "ms_per_iter": 7.976047860594502,
  "n_new": 59861,
  "cycle": 0,
  "source": "synthetique"
}
