C:\Users\Mathieu\AppData\Local\Programs\Python\Python311\Lib\site-packages\torch\nn\modules\transformer.py:392: UserWarning: enable_nested_tensor is True, but self.use_nested_tensor is False because encoder_layer.norm_first was True
  warnings.warn(
[     500/100000] ece_heldout=0.127 acc=0.25 (7.4 ms/it)
[    1000/100000] ece_heldout=0.111 acc=0.54 (7.5 ms/it)
[    1500/100000] ece_heldout=0.125 acc=0.53 (7.6 ms/it)
[    2000/100000] ece_heldout=0.138 acc=0.53 (7.7 ms/it)
[    2500/100000] ece_heldout=0.166 acc=0.58 (7.9 ms/it)
[    3000/100000] ece_heldout=0.171 acc=0.52 (7.8 ms/it)
[    3500/100000] ece_heldout=0.168 acc=0.57 (7.9 ms/it)
[    4000/100000] ece_heldout=0.197 acc=0.55 (9.0 ms/it)
[    4500/100000] ece_heldout=0.175 acc=0.57 (8.2 ms/it)
[    5000/100000] ece_heldout=0.200 acc=0.56 (7.6 ms/it)
[    5500/100000] ece_heldout=0.193 acc=0.53 (7.6 ms/it)
[    6000/100000] ece_heldout=0.184 acc=0.59 (7.6 ms/it)
[    6500/100000] ece_heldout=0.204 acc=0.55 (7.6 ms/it)
[    7000/100000] ece_heldout=0.186 acc=0.58 (7.5 ms/it)
[    7500/100000] ece_heldout=0.189 acc=0.57 (7.7 ms/it)
[    8000/100000] ece_heldout=0.189 acc=0.54 (7.6 ms/it)
[    8500/100000] ece_heldout=0.190 acc=0.60 (7.6 ms/it)
[    9000/100000] ece_heldout=0.183 acc=0.53 (7.6 ms/it)
[    9500/100000] ece_heldout=0.183 acc=0.58 (7.7 ms/it)
[   10000/100000] ece_heldout=0.182 acc=0.56 (7.6 ms/it)
[   10500/100000] ece_heldout=0.187 acc=0.59 (7.6 ms/it)
[   11000/100000] ece_heldout=0.186 acc=0.57 (8.0 ms/it)
[   11500/100000] ece_heldout=0.176 acc=0.54 (7.9 ms/it)
[   12000/100000] ece_heldout=0.190 acc=0.61 (7.8 ms/it)
[   12500/100000] ece_heldout=0.183 acc=0.56 (7.9 ms/it)
[   13000/100000] ece_heldout=0.182 acc=0.60 (7.5 ms/it)
[   13500/100000] ece_heldout=0.189 acc=0.57 (7.6 ms/it)
[   14000/100000] ece_heldout=0.187 acc=0.56 (7.5 ms/it)
[   14500/100000] ece_heldout=0.194 acc=0.62 (7.6 ms/it)
[   15000/100000] ece_heldout=0.187 acc=0.54 (7.6 ms/it)
[   15500/100000] ece_heldout=0.189 acc=0.61 (7.6 ms/it)
[   16000/100000] ece_heldout=0.192 acc=0.56 (8.1 ms/it)
[   16500/100000] ece_heldout=0.179 acc=0.61 (7.7 ms/it)
[   17000/100000] ece_heldout=0.183 acc=0.59 (7.6 ms/it)
[   17500/100000] ece_heldout=0.173 acc=0.55 (7.6 ms/it)
[   18000/100000] ece_heldout=0.180 acc=0.63 (7.8 ms/it)
[   18500/100000] ece_heldout=0.175 acc=0.56 (7.8 ms/it)
[   19000/100000] ece_heldout=0.172 acc=0.63 (7.7 ms/it)
[   19500/100000] ece_heldout=0.178 acc=0.58 (7.8 ms/it)
[   20000/100000] ece_heldout=0.179 acc=0.57 (7.7 ms/it)
[   20500/100000] ece_heldout=0.178 acc=0.62 (7.6 ms/it)
[   21000/100000] ece_heldout=0.176 acc=0.55 (7.7 ms/it)
[   21500/100000] ece_heldout=0.176 acc=0.62 (7.5 ms/it)
[   22000/100000] ece_heldout=0.173 acc=0.58 (7.6 ms/it)
[   22500/100000] ece_heldout=0.179 acc=0.62 (7.6 ms/it)
[   23000/100000] ece_heldout=0.177 acc=0.60 (8.0 ms/it)
[   23500/100000] ece_heldout=0.175 acc=0.56 (8.9 ms/it)
[   24000/100000] ece_heldout=0.181 acc=0.63 (8.4 ms/it)
[   24500/100000] ece_heldout=0.173 acc=0.58 (7.6 ms/it)
[   25000/100000] ece_heldout=0.175 acc=0.63 (7.5 ms/it)
[   25500/100000] ece_heldout=0.174 acc=0.59 (7.5 ms/it)
[   26000/100000] ece_heldout=0.176 acc=0.59 (7.7 ms/it)
[   26500/100000] ece_heldout=0.180 acc=0.64 (7.6 ms/it)
[   27000/100000] ece_heldout=0.176 acc=0.57 (7.7 ms/it)
[   27500/100000] ece_heldout=0.175 acc=0.64 (7.6 ms/it)
[   28000/100000] ece_heldout=0.178 acc=0.59 (7.6 ms/it)
[   28500/100000] ece_heldout=0.178 acc=0.64 (7.7 ms/it)
[   29000/100000] ece_heldout=0.182 acc=0.61 (7.5 ms/it)
[   29500/100000] ece_heldout=0.181 acc=0.58 (7.5 ms/it)
[   30000/100000] ece_heldout=0.182 acc=0.65 (7.6 ms/it)
[   30500/100000] ece_heldout=0.179 acc=0.58 (7.5 ms/it)
[   31000/100000] ece_heldout=0.178 acc=0.64 (7.7 ms/it)
[   31500/100000] ece_heldout=0.182 acc=0.61 (7.8 ms/it)
[   32000/100000] ece_heldout=0.181 acc=0.60 (8.1 ms/it)
[   32500/100000] ece_heldout=0.184 acc=0.64 (7.6 ms/it)
[   33000/100000] ece_heldout=0.180 acc=0.59 (8.0 ms/it)
[   33500/100000] ece_heldout=0.184 acc=0.65 (7.8 ms/it)
[   34000/100000] ece_heldout=0.187 acc=0.61 (8.0 ms/it)
[   34500/100000] ece_heldout=0.186 acc=0.65 (7.7 ms/it)
[   35000/100000] ece_heldout=0.191 acc=0.62 (7.7 ms/it)
[   35500/100000] ece_heldout=0.189 acc=0.60 (7.5 ms/it)
[   36000/100000] ece_heldout=0.191 acc=0.65 (7.6 ms/it)
[   36500/100000] ece_heldout=0.188 acc=0.60 (7.7 ms/it)
[   37000/100000] ece_heldout=0.192 acc=0.66 (7.6 ms/it)
[   37500/100000] ece_heldout=0.191 acc=0.63 (7.7 ms/it)
[   38000/100000] ece_heldout=0.195 acc=0.62 (7.6 ms/it)
[   38500/100000] ece_heldout=0.194 acc=0.66 (7.6 ms/it)
[   39000/100000] ece_heldout=0.192 acc=0.59 (7.6 ms/it)
[   39500/100000] ece_heldout=0.197 acc=0.66 (7.7 ms/it)
[   40000/100000] ece_heldout=0.193 acc=0.61 (7.6 ms/it)
[   40500/100000] ece_heldout=0.197 acc=0.65 (7.6 ms/it)
[   41000/100000] ece_heldout=0.200 acc=0.64 (7.6 ms/it)
[   41500/100000] ece_heldout=0.197 acc=0.61 (7.6 ms/it)
[   42000/100000] ece_heldout=0.203 acc=0.68 (7.6 ms/it)
[   42500/100000] ece_heldout=0.201 acc=0.61 (7.9 ms/it)
[   43000/100000] ece_heldout=0.203 acc=0.65 (8.8 ms/it)
[   43500/100000] ece_heldout=0.206 acc=0.66 (9.3 ms/it)
[   44000/100000] ece_heldout=0.203 acc=0.62 (8.5 ms/it)
[   44500/100000] ece_heldout=0.208 acc=0.66 (8.3 ms/it)
[   45000/100000] ece_heldout=0.203 acc=0.62 (8.5 ms/it)
[   45500/100000] ece_heldout=0.203 acc=0.66 (8.3 ms/it)
[   46000/100000] ece_heldout=0.209 acc=0.61 (8.1 ms/it)
[   46500/100000] ece_heldout=0.210 acc=0.66 (7.9 ms/it)
[   47000/100000] ece_heldout=0.212 acc=0.66 (8.0 ms/it)
[   47500/100000] ece_heldout=0.209 acc=0.63 (7.6 ms/it)
[   48000/100000] ece_heldout=0.216 acc=0.66 (7.6 ms/it)
[   48500/100000] ece_heldout=0.212 acc=0.64 (7.6 ms/it)
[   49000/100000] ece_heldout=0.213 acc=0.68 (7.8 ms/it)
[   49500/100000] ece_heldout=0.217 acc=0.64 (7.8 ms/it)
[   50000/100000] ece_heldout=0.214 acc=0.63 (7.6 ms/it)
[   50500/100000] ece_heldout=0.225 acc=0.70 (7.5 ms/it)
[   51000/100000] ece_heldout=0.214 acc=0.62 (7.6 ms/it)
[   51500/100000] ece_heldout=0.216 acc=0.68 (7.6 ms/it)
[   52000/100000] ece_heldout=0.220 acc=0.64 (7.6 ms/it)
[   52500/100000] ece_heldout=0.220 acc=0.68 (8.0 ms/it)
[   53000/100000] ece_heldout=0.226 acc=0.66 (7.9 ms/it)
[   53500/100000] ece_heldout=0.221 acc=0.62 (8.1 ms/it)
[   54000/100000] ece_heldout=0.225 acc=0.69 (7.7 ms/it)
[   54500/100000] ece_heldout=0.224 acc=0.64 (7.6 ms/it)
[   55000/100000] ece_heldout=0.227 acc=0.69 (7.6 ms/it)
[   55500/100000] ece_heldout=0.230 acc=0.65 (7.6 ms/it)
[   56000/100000] ece_heldout=0.228 acc=0.66 (7.6 ms/it)
[   56500/100000] ece_heldout=0.235 acc=0.70 (7.6 ms/it)
[   57000/100000] ece_heldout=0.228 acc=0.64 (7.6 ms/it)
[   57500/100000] ece_heldout=0.227 acc=0.69 (7.6 ms/it)
[   58000/100000] ece_heldout=0.231 acc=0.66 (7.5 ms/it)
[   58500/100000] ece_heldout=0.231 acc=0.69 (7.7 ms/it)
[   59000/100000] ece_heldout=0.234 acc=0.68 (7.5 ms/it)
[   59500/100000] ece_heldout=0.228 acc=0.64 (7.6 ms/it)
[   60000/100000] ece_heldout=0.235 acc=0.71 (8.3 ms/it)
[   60500/100000] ece_heldout=0.233 acc=0.67 (7.7 ms/it)
[   61000/100000] ece_heldout=0.232 acc=0.68 (7.6 ms/it)
[   61500/100000] ece_heldout=0.239 acc=0.68 (7.7 ms/it)
[   62000/100000] ece_heldout=0.238 acc=0.67 (8.3 ms/it)
[   62500/100000] ece_heldout=0.241 acc=0.70 (9.0 ms/it)
[   63000/100000] ece_heldout=0.235 acc=0.65 (7.7 ms/it)
[   63500/100000] ece_heldout=0.235 acc=0.70 (7.6 ms/it)
[   64000/100000] ece_heldout=0.241 acc=0.68 (7.5 ms/it)
[   64500/100000] ece_heldout=0.241 acc=0.71 (7.5 ms/it)
budget temps atteint (600.0s) a 64704 interactions
{
  "ece": 0.04290604171907521,
  "accuracy": 0.6157579129574678,
  "conf_moy": 0.5953312991970642,
  "aurc": 0.11131956101424618,
  "coverage_0p5": 0.5537679277942631,
  "n": 64704,
  "ms_per_iter": 7.768242401609789,
  "n_new": 64704,
  "cycle": 0,
  "source": "synthetique"
}
