C:\Users\Mathieu\AppData\Local\Programs\Python\Python311\Lib\site-packages\torch\nn\modules\transformer.py:392: UserWarning: enable_nested_tensor is True, but self.use_nested_tensor is False because encoder_layer.norm_first was True
  warnings.warn(
[     500/50000] ece_heldout=0.022 acc=0.12 (7.7 ms/it)
[    1000/50000] ece_heldout=0.090 acc=0.38 (8.4 ms/it)
[    1500/50000] ece_heldout=0.143 acc=0.40 (8.5 ms/it)
[    2000/50000] ece_heldout=0.166 acc=0.52 (8.5 ms/it)
[    2500/50000] ece_heldout=0.166 acc=0.56 (8.8 ms/it)
[    3000/50000] ece_heldout=0.192 acc=0.61 (8.5 ms/it)
[    3500/50000] ece_heldout=0.200 acc=0.58 (8.4 ms/it)
[    4000/50000] ece_heldout=0.221 acc=0.60 (8.9 ms/it)
[    4500/50000] ece_heldout=0.226 acc=0.61 (8.5 ms/it)
[    5000/50000] ece_heldout=0.236 acc=0.62 (8.8 ms/it)
[    5500/50000] ece_heldout=0.245 acc=0.63 (8.9 ms/it)
[    6000/50000] ece_heldout=0.243 acc=0.62 (9.1 ms/it)
[    6500/50000] ece_heldout=0.252 acc=0.63 (9.1 ms/it)
[    7000/50000] ece_heldout=0.262 acc=0.63 (8.9 ms/it)
[    7500/50000] ece_heldout=0.263 acc=0.62 (8.3 ms/it)
[    8000/50000] ece_heldout=0.266 acc=0.62 (8.5 ms/it)
[    8500/50000] ece_heldout=0.271 acc=0.65 (8.3 ms/it)
[    9000/50000] ece_heldout=0.270 acc=0.64 (8.4 ms/it)
[    9500/50000] ece_heldout=0.274 acc=0.63 (8.5 ms/it)
[   10000/50000] ece_heldout=0.278 acc=0.64 (9.1 ms/it)
[   10500/50000] ece_heldout=0.276 acc=0.64 (8.7 ms/it)
[   11000/50000] ece_heldout=0.280 acc=0.64 (8.6 ms/it)
[   11500/50000] ece_heldout=0.281 acc=0.63 (8.5 ms/it)
[   12000/50000] ece_heldout=0.276 acc=0.65 (8.5 ms/it)
[   12500/50000] ece_heldout=0.282 acc=0.64 (9.8 ms/it)
[   13000/50000] ece_heldout=0.278 acc=0.63 (9.3 ms/it)
[   13500/50000] ece_heldout=0.286 acc=0.66 (10.0 ms/it)
[   14000/50000] ece_heldout=0.285 acc=0.63 (9.1 ms/it)
[   14500/50000] ece_heldout=0.285 acc=0.63 (9.5 ms/it)
[   15000/50000] ece_heldout=0.287 acc=0.65 (9.6 ms/it)
[   15500/50000] ece_heldout=0.287 acc=0.65 (10.3 ms/it)
[   16000/50000] ece_heldout=0.291 acc=0.65 (9.8 ms/it)
[   16500/50000] ece_heldout=0.287 acc=0.64 (9.1 ms/it)
[   17000/50000] ece_heldout=0.291 acc=0.66 (9.8 ms/it)
[   17500/50000] ece_heldout=0.289 acc=0.67 (8.7 ms/it)
[   18000/50000] ece_heldout=0.292 acc=0.64 (9.0 ms/it)
[   18500/50000] ece_heldout=0.285 acc=0.64 (8.9 ms/it)
[   19000/50000] ece_heldout=0.292 acc=0.64 (10.0 ms/it)
[   19500/50000] ece_heldout=0.294 acc=0.65 (9.0 ms/it)
[   20000/50000] ece_heldout=0.290 acc=0.63 (8.5 ms/it)
[   20500/50000] ece_heldout=0.303 acc=0.65 (8.5 ms/it)
[   21000/50000] ece_heldout=0.297 acc=0.63 (8.4 ms/it)
[   21500/50000] ece_heldout=0.295 acc=0.66 (8.4 ms/it)
[   22000/50000] ece_heldout=0.296 acc=0.66 (8.2 ms/it)
[   22500/50000] ece_heldout=0.295 acc=0.65 (8.3 ms/it)
[   23000/50000] ece_heldout=0.294 acc=0.66 (8.3 ms/it)
[   23500/50000] ece_heldout=0.296 acc=0.65 (8.4 ms/it)
[   24000/50000] ece_heldout=0.297 acc=0.66 (9.2 ms/it)
[   24500/50000] ece_heldout=0.289 acc=0.68 (8.4 ms/it)
[   25000/50000] ece_heldout=0.290 acc=0.66 (8.3 ms/it)
[   25500/50000] ece_heldout=0.300 acc=0.67 (9.0 ms/it)
[   26000/50000] ece_heldout=0.305 acc=0.67 (8.7 ms/it)
[   26500/50000] ece_heldout=0.308 acc=0.66 (8.5 ms/it)
[   27000/50000] ece_heldout=0.306 acc=0.66 (8.9 ms/it)
[   27500/50000] ece_heldout=0.305 acc=0.66 (8.6 ms/it)
[   28000/50000] ece_heldout=0.307 acc=0.67 (8.8 ms/it)
[   28500/50000] ece_heldout=0.302 acc=0.65 (10.7 ms/it)
[   29000/50000] ece_heldout=0.303 acc=0.67 (9.2 ms/it)
[   29500/50000] ece_heldout=0.311 acc=0.70 (10.0 ms/it)
[   30000/50000] ece_heldout=0.305 acc=0.68 (8.5 ms/it)
[   30500/50000] ece_heldout=0.302 acc=0.66 (10.1 ms/it)
[   31000/50000] ece_heldout=0.310 acc=0.64 (10.0 ms/it)
[   31500/50000] ece_heldout=0.309 acc=0.65 (9.2 ms/it)
[   32000/50000] ece_heldout=0.307 acc=0.67 (9.9 ms/it)
[   32500/50000] ece_heldout=0.323 acc=0.68 (9.2 ms/it)
[   33000/50000] ece_heldout=0.304 acc=0.68 (10.6 ms/it)
[   33500/50000] ece_heldout=0.310 acc=0.66 (9.7 ms/it)
[   34000/50000] ece_heldout=0.315 acc=0.69 (9.6 ms/it)
[   34500/50000] ece_heldout=0.312 acc=0.66 (10.3 ms/it)
[   35000/50000] ece_heldout=0.307 acc=0.66 (9.4 ms/it)
[   35500/50000] ece_heldout=0.310 acc=0.69 (11.5 ms/it)
[   36000/50000] ece_heldout=0.312 acc=0.69 (10.2 ms/it)
[   36500/50000] ece_heldout=0.315 acc=0.67 (11.1 ms/it)
[   37000/50000] ece_heldout=0.317 acc=0.67 (11.0 ms/it)
[   37500/50000] ece_heldout=0.317 acc=0.64 (9.5 ms/it)
[   38000/50000] ece_heldout=0.311 acc=0.69 (10.9 ms/it)
[   38500/50000] ece_heldout=0.321 acc=0.67 (11.8 ms/it)
[   39000/50000] ece_heldout=0.308 acc=0.69 (10.9 ms/it)
[   39500/50000] ece_heldout=0.313 acc=0.67 (9.4 ms/it)
[   40000/50000] ece_heldout=0.321 acc=0.67 (10.0 ms/it)
[   40500/50000] ece_heldout=0.316 acc=0.66 (9.8 ms/it)
[   41000/50000] ece_heldout=0.315 acc=0.68 (9.7 ms/it)
[   41500/50000] ece_heldout=0.313 acc=0.68 (9.5 ms/it)
[   42000/50000] ece_heldout=0.315 acc=0.67 (9.9 ms/it)
[   42500/50000] ece_heldout=0.312 acc=0.67 (10.7 ms/it)
[   43000/50000] ece_heldout=0.324 acc=0.65 (10.7 ms/it)
[   43500/50000] ece_heldout=0.321 acc=0.67 (9.3 ms/it)
[   44000/50000] ece_heldout=0.320 acc=0.64 (11.6 ms/it)
[   44500/50000] ece_heldout=0.323 acc=0.67 (11.1 ms/it)
[   45000/50000] ece_heldout=0.314 acc=0.66 (10.3 ms/it)
[   45500/50000] ece_heldout=0.309 acc=0.69 (9.5 ms/it)
[   46000/50000] ece_heldout=0.316 acc=0.65 (9.2 ms/it)
[   46500/50000] ece_heldout=0.303 acc=0.65 (9.5 ms/it)
[   47000/50000] ece_heldout=0.317 acc=0.68 (8.6 ms/it)
[   47500/50000] ece_heldout=0.321 acc=0.67 (8.5 ms/it)
[   48000/50000] ece_heldout=0.312 acc=0.69 (5.6 ms/it)
[   48500/50000] ece_heldout=0.315 acc=0.67 (5.8 ms/it)
[   49000/50000] ece_heldout=0.319 acc=0.66 (6.1 ms/it)
[   49500/50000] ece_heldout=0.326 acc=0.67 (5.7 ms/it)
[   50000/50000] ece_heldout=0.320 acc=0.63 (6.1 ms/it)
miel phase2 : activation cible 21589/50000 (43.2%) sk>0.5
{
  "ece": 0.02265438443331462,
  "accuracy": 0.64126,
  "conf_moy": 0.6422453941720162,
  "aurc": 0.2304584097612305,
  "coverage_0p5": 0.7133,
  "n": 50000,
  "ms_per_iter": 9.135975790023803,
  "n_new": 50000,
  "cycle": 0,
  "source": "synthetique"
}
